E/ZipFileCache( 8979): init failed when open zip file.
E/ZipFileCache( 8979): init failed when open zip file.
E/ZipFileCache( 8979): init failed when open zip file.
E/ZipFileCache( 8979): init failed when open zip file.
E/ZipFileCache( 8979): init failed when open zip file.
E/ZipFileCache( 8979): init failed when open zip file.
W/PGApi_client( 3463): recv actoionId = 10000, action = com.huawei.pgmng.PGAction@124c645a actionId =10000 pkg =org.kivy.pygame extend1 =37 extend2 = flag =3 type =1
W/PGMiddleWare jhh( 3463): in handleAction method, action = 10000
W/PGMiddleWare jhh( 3463): in handleAction, invoke client = com.huawei.pgmng.middleware.AudioEffectLowPowerImpl@2377816, action = com.huawei.pgmng.PGAction@124c645a actionId =10000 pkg =org.kivy.pygame extend1 =37 extend2 = flag =3 type =1
I/AudioEffectLowPowerImpl jhh( 3463): jhh handle default mActionId = 10000, action = com.huawei.pgmng.PGAction@124c645a actionId =10000 pkg =org.kivy.pygame extend1 =37 extend2 = flag =3 type =1
W/AudioEffectLowPowerImpl jhh( 3463): enter into DEFAULT_FRONT Scene.
W/AudioEffectLowPowerImpl jhh( 3463): m2DGameFront = false, m3DGameFront = false, mMediaPerceptible = false, mMusicPerceptible = false
W/AudioEffectLowPowerImpl jhh( 3463): mAudioActive = false, mMusicPerceptible = false
W/AudioEffectLowPowerImpl jhh( 3463): return for smartPAOn and mLowAudioEffectEnable both = false
I/HwAps   ( 3463): APS: enable: true
E/ZipFileCache( 8979): init failed when open zip file.
E/ZipFileCache( 8979): init failed when open zip file.
E/ZipFileCache( 8979): init failed when open zip file.
E/ZipFileCache( 8979): init failed when open zip file.
I/PhoneStatusBar( 3200): shouldTranslucent:true
I/PhoneStatusBar( 3200): hw_status_bar_operators = false, setSystemUIVisibily(SHOW_OPERATOR = false)
I/HwLauncher( 3575): Launcher  onWindowVisibilityChanged visibility = 8
I/HwLauncher( 3575): DynamicIcon onWindowVisibilityChanged 8 - com.android.calendar
I/HwLauncher( 3575): DynamicIcon onWindowVisibilityChanged 8 - com.android.deskclock
I/OpenGLRenderer( 8979): Initialized EGL, version 1.4
E/ZipFileCache( 8979): init failed when open zip file.
E/ZipFileCache( 8979): init failed when open zip file.
E/ZipFileCache( 8979): init failed when open zip file.
E/ZipFileCache( 8979): init failed when open zip file.
I/art     ( 2912): Explicit concurrent mark sweep GC freed 117615(6MB) AllocSpace objects, 16(1352KB) LOS objects, 33% free, 31MB/47MB, paused 2.295ms total 216.979ms
I/ActivityManager( 2912): Displayed org.kivy.pygame/org.renpy.android.ProjectChooser: +566ms
E/WifiStateMachine( 2912):  ConnectedState !CMD_RSSI_POLL 11 0 "SPARK-47A2ZV" b0:e5:ed:3e:35:d4 rssi=-62 f=2412 sc=100 link=72 tx=0.0, 0.0, 0.0  rx=0.0 bcn=0 [on:0 tx:0 rx:0 period:2464] from screen [on:0 period:-1837760778] gl hn u24 rssi=-56 ag=0 hr ticks 0,0,4 ls-=0 [56,56,60,60,65] brc=0 lrc=0
E/WifiStateMachine( 2912):  L2ConnectedState !CMD_RSSI_POLL 11 0 "SPARK-47A2ZV" b0:e5:ed:3e:35:d4 rssi=-62 f=2412 sc=100 link=72 tx=0.0, 0.0, 0.0  rx=0.0 bcn=0 [on:0 tx:0 rx:0 period:4] from screen [on:0 period:-1837760774] gl hn u24 rssi=-56 ag=0 hr ticks 0,0,4 ls-=0 [56,56,60,60,65] brc=0 lrc=0
E/WifiStateMachine( 2912): fetchRssiLinkSpeedAndFrequencyNative rssi=-63 linkspeed=72 SSID="SPARK-47A2ZV"
I/Finsky  ( 6374): [83] com.google.android.finsky.bo.an.run(6): Stats for Executor: VerifyAppsDataStore com.google.android.finsky.bo.ao@34454232[Running, pool size = 0, active threads = 0, queued tasks = 0, completed tasks = 2]
I/Finsky  ( 6374): [83] com.google.android.finsky.bo.an.run(6): Stats for Executor: Db-verify_apps.db com.google.android.finsky.bo.ao@549b83[Running, pool size = 0, active threads = 0, queued tasks = 0, completed tasks = 1]
E/WifiStateMachine( 2912): calculateWifiScore freq=2412 speed=72 score=100 highRSSI  -> txbadrate=0.00 txgoodrate=428.00 txretriesrate=0.00 rxrate=435.00 userTriggerdPenalty0
E/WifiStateMachine( 2912):  good link -> stuck count =0
E/WifiStateMachine( 2912):  badRSSI count0 lowRSSI count0 --> score 60
E/WifiStateMachine( 2912):  isHighRSSI       ---> score=65
I/Finsky  ( 6374): [83] com.google.android.finsky.bo.an.run(6): Stats for Executor: Db-notification_cache com.google.android.finsky.bo.ao@35ba5100[Running, pool size = 0, active threads = 0, queued tasks = 0, completed tasks = 1]
I/HwSystemManager( 3703): BgPowerManagerService:MSG_SCREEN_ON Received and mScreenOmTime :1548645433497 mScreenOffTime :1548645392802mCurBatterylevel :116mScreenOffBatterylevel :113
I/Finsky  ( 6374): [83] com.google.android.finsky.bo.an.run(6): Stats for Executor: InstallQueueDatabaseManager com.google.android.finsky.bo.ao@b02ad39[Running, pool size = 0, active threads = 0, queued tasks = 0, completed tasks = 1]
I/Hwaps   ( 8979): APS: version is 2.0.32
E/ZipFileCache( 2912): init failed when open zip file.
E/ZipFileCache( 2912): init failed when open zip file.
E/ZipFileCache( 2912): init failed when open zip file.
E/ZipFileCache( 2912): init failed when open zip file.
E/ZipFileCache( 2912): init failed when open zip file.
E/ZipFileCache( 2912): init failed when open zip file.
E/ZipFileCache( 2912): init failed when open zip file.
E/ZipFileCache( 2912): init failed when open zip file.
E/ZipFileCache( 2912): init failed when open zip file.
E/ZipFileCache( 2912): init failed when open zip file.
E/ZipFileCache( 2912): init failed when open zip file.
E/ZipFileCache( 2912): init failed when open zip file.
W/[Gralloc-Warning]( 2309): int gralloc_register_buffer(const gralloc_module_t*, buffer_handle_t):66 Registering handle 0x5598bbb740 coming from the same process: 2309.
I/SurfaceFlinger( 2309): set Mirror VirtualDisplay orientation = 1
E/ZipFileCache( 2912): init failed when open zip file.
E/ZipFileCache( 2912): init failed when open zip file.
E/ZipFileCache( 2912): init failed when open zip file.
E/ZipFileCache( 2912): init failed when open zip file.
I/HwSystemManager( 7040): HsmPackageManager:onConfigureChanged: en_NZ
I/HwSystemManager( 3703): HsmPackageManager:onConfigureChanged: en_NZ
W/Settings( 3515): Setting airplane_mode_on has moved from android.provider.Settings.System to android.provider.Settings.Global, returning read-only value.
E/ZipFileCache( 3200): init failed when open zip file.
I/InputReader( 2912): Reconfiguring input devices.  changes=0x00000004
I/InputReader( 2912): Device reconfigured: id=3, name='cyttsp5_mt', size 720x1280, orientation 1, mode 1, display id 0
I/HwLauncher( 3575): Model  onReceive intent=Intent { act=android.intent.action.CONFIGURATION_CHANGED flg=0x70000010 }
I/MSG_APP_Mms( 6778): Broadcast ACTION_CONFIGURATION_CHANGED received.
I/HwLauncher( 3575): Launcher.Utilities updateOrientToPortrait original orientation = 2
I/HwLauncher( 3575): Launcher.Settings  updateIconTitleSize fontSize = 0.0
I/HwLauncher( 3575): Launcher.Settings  updateIconTitleSize app_icon_text_size fontSize = 24.0
I/HwSystemManager( 3703): AppLockService:applock password not initial or function is closed
I/HwSystemManager( 3703): AppManager:getNetAppInfoFromDB cursor lenth = 1
I/PanelView( 3200): Configuration orientation changed
E/BitmapFactory( 9018): Unable to decode stream: java.io.FileNotFoundException: /storage/emulated/0/kivy/pub/icon.png: open failed: ENOENT (No such file or directory)
I/SurfaceFlinger( 2309): set Mirror VirtualDisplay orientation = 0
E/ZipFileCache( 3200): init failed when open zip file.
E/ZipFileCache( 3200): init failed when open zip file.
I/InputReader( 2912): Reconfiguring input devices.  changes=0x00000004
I/InputReader( 2912): Device reconfigured: id=3, name='cyttsp5_mt', size 720x1280, orientation 0, mode 1, display id 0
I/HwSystemManager( 3703): HsmPackageManager:onConfigureChanged: en_NZ
W/Settings( 3515): Setting airplane_mode_on has moved from android.provider.Settings.System to android.provider.Settings.Global, returning read-only value.
I/HwSystemManager( 7040): HsmPackageManager:onConfigureChanged: en_NZ
I/MSG_APP_Mms( 6778): Broadcast ACTION_CONFIGURATION_CHANGED received.
I/HwLauncher( 3575): Model  onReceive intent=Intent { act=android.intent.action.CONFIGURATION_CHANGED flg=0x70000010 }
I/HwLauncher( 3575): Launcher.Settings  updateIconTitleSize fontSize = 0.0
I/HwLauncher( 3575): Launcher.Settings  updateIconTitleSize app_icon_text_size fontSize = 24.0
I/TimeManager( 3200): receiver action = android.intent.action.CONFIGURATION_CHANGED
W/PhoneStatusBar/NavigationBarView( 3200): *** Invalid layout in navigation bar (sizeChanged this=84x720 cur=720x96)
I/SDLSurface( 9018): Surface will NOT be transparent
I/art     ( 9018): Can not find class: Landroid/widget/ViewStub;
I/art     ( 9018): Can not find class: Landroid/webkit/ViewStub;
I/art     ( 9018): Can not find class: Landroid/app/ViewStub;
W/ResourceType( 9018): No package identifier when getting value for resource number 0x00000000
E/art     ( 9018): dlopen("/data/data/org.kivy.pygame/files/lib/python2.7/lib-dynload/_imaging.so", RTLD_LAZY) failed: dlopen failed: library "/data/data/org.kivy.pygame/files/lib/python2.7/lib-dynload/_imaging.so" not found
I/python  ( 9018): Starting audio thread
E/ZipFileCache( 3200): init failed when open zip file.
I/OpenGLRenderer( 9018): Initialized EGL, version 1.4
I/PanelView( 3200): Configuration orientation changed
E/ZipFileCache( 3200): init failed when open zip file.
E/ZipFileCache( 3200): init failed when open zip file.
I/TimeManager( 3200): receiver action = android.intent.action.CONFIGURATION_CHANGED
E/ZipFileCache( 3200): init failed when open zip file.
E/ZipFileCache( 3200): init failed when open zip file.
E/ZipFileCache( 3200): init failed when open zip file.
E/ZipFileCache( 3200): init failed when open zip file.
E/ZipFileCache( 3200): init failed when open zip file.
I/TimeManager( 3200): hand message 1
I/TimeManager( 3200): notify time change. size = 2
I/TimeLayout( 3200): time = 16:17
I/TimeLayout( 3200): updateDate date = 28/01/2019
I/TimeLayout( 3200): weekDay = Monday
I/SDLSurface( 9018): Choose egl configuration
I/SDLSurface( 9018): Try to use graphics config R8G8B8A8S8
W/SDLSurface( 9018): Create egl surface
I/libSDL  ( 9018): Physical screen resolution is 720x1184
I/python  ( 9018): presplash-fit is null
I/python  ( 9018): presplash (fit=null) mx=0.703125,my=1.156250
I/libSDL  ( 9018): Physical screen resolution is 720x1184
I/python  ( 9018): Initialize Python for Android
W/IInputConnectionWrapper( 8979): showStatusIcon on inactive InputConnection
I/TimeManager( 3200): hand message 1
I/TimeManager( 3200): notify time change. size = 2
I/TimeLayout( 3200): time = 16:17
I/ActivityManager( 2912): Displayed org.kivy.pygame/org.renpy.android.PythonActivity: +473ms
I/TimeLayout( 3200): updateDate date = 28/01/2019
I/TimeLayout( 3200): weekDay = Monday
I/HwSystemManager( 3703): AppLockService:applock password not initial or function is closed
I/python  ( 9018): ['/data/data/org.kivy.pygame/files/lib/python2.7/site-packages', '/data/data/org.kivy.pygame/files/lib/site-python']
I/python  ( 9018): Android path ['/data/data/org.kivy.pygame/files/lib/python27.zip', '/data/data/org.kivy.pygame/files/lib/python2.7', '/data/data/org.kivy.pygame/files/lib/python2.7/lib-dynload', '/data/data/org.kivy.pygame/files/lib/python2.7/site-packages', '/storage/emulated/0/kivy/pub', '/data/data/org.kivy.pygame/files/lib/python2.7/site-packages/PIL']
I/python  ( 9018): Android kivy bootstrap done. __name__ is __main__
I/python  ( 9018): Run user program, change dir and execute main.py
I/WindowBlurView( 3200): allowChangeBlurBackground
I/WindowBlurView( 3200): setBlurBackground()
I/python  ( 9018): [INFO              ] [Logger      ] Record log in /storage/emulated/0/kivy/pub/.kivy/logs/kivy_19-01-28_2.txt
I/python  ( 9018): [INFO              ] [Kivy        ] v1.9.1
I/python  ( 9018): [INFO              ] [Python      ] v2.7.2 (default, Mar 20 2016, 23:30:13) 
I/python  ( 9018): [GCC 4.8]
E/WifiStateMachine( 2912):  ConnectedState !CMD_RSSI_POLL 11 0 "SPARK-47A2ZV" b0:e5:ed:3e:35:d4 rssi=-63 f=2412 sc=100 link=72 tx=428.0, 0.0, 0.0  rx=435.0 bcn=0 [on:0 tx:0 rx:0 period:3000] from screen [on:0 period:-1837757764] gl hn u24 rssi=-58 ag=0 hr ticks 0,0,4 ls-=0 [56,56,60,60,65] brc=0 lrc=0
E/WifiStateMachine( 2912):  L2ConnectedState !CMD_RSSI_POLL 11 0 "SPARK-47A2ZV" b0:e5:ed:3e:35:d4 rssi=-63 f=2412 sc=100 link=72 tx=428.0, 0.0, 0.0  rx=435.0 bcn=0 [on:0 tx:0 rx:0 period:1] from screen [on:0 period:-1837757763] gl hn u24 rssi=-58 ag=0 hr ticks 0,0,4 ls-=0 [56,56,60,60,65] brc=0 lrc=0
E/WifiStateMachine( 2912): fetchRssiLinkSpeedAndFrequencyNative rssi=-67 linkspeed=72 SSID="SPARK-47A2ZV"
E/WifiStateMachine( 2912): calculateWifiScore freq=2412 speed=72 score=100 highRSSI  -> txbadrate=0.00 txgoodrate=238.50 txretriesrate=0.00 rxrate=249.50 userTriggerdPenalty0
E/WifiStateMachine( 2912):  good link -> stuck count =0
E/WifiStateMachine( 2912):  badRSSI count0 lowRSSI count0 --> score 60
E/WifiStateMachine( 2912):  isHighRSSI       ---> score=65
I/python  ( 9018): [INFO              ] [Factory     ] 179 symbols loaded
I/WindowBlurView( 3200): allowChangeBlurBackground
E/ZipFileCache( 3200): init failed when open zip file.
I/OAM     ( 2713): [check_file_size:402]/data/hwlogdir/wifi_log/wifi_log_1 log file beyond size=10240Byte, creat new file
I/OAM     ( 2713): [rename_old_file:107]rename_old_file
I/OAM     ( 2713): 
E/Thermal-daemon( 2346): [charger_ic] temp_new :37  temp_old :36
E/Thermal-daemon( 2346): Report temperature: [charger_ic] temp :37  report_threshold:1
I/MQoS    ( 2912): onSignal: mSubId=0,currDataSubID=0
I/MQoS    ( 2912): received cell-signal:5
I/python  ( 9018):  /data/data/org.kivy.pygame/files/lib/python2.7/site-packages/kivy/core/image/img_pygame.py:13: RuntimeWarning: import cdrom: No module named cdrom
I/python  ( 9018):  (ImportError: No module named cdrom)
I/python  ( 9018): [INFO              ] [Image       ] Providers: img_tex, img_dds, img_gif, img_pygame, img_pil (img_ffpyplayer ignored)
E/Thermal-daemon( 2346): [ap] temp_new :36  temp_old :35
E/Thermal-daemon( 2346): Report temperature: [ap] temp :36  report_threshold:1
I/art     ( 2912): Explicit concurrent mark sweep GC freed 18062(890KB) AllocSpace objects, 0(0B) LOS objects, 33% free, 31MB/47MB, paused 1.938ms total 205.400ms
I/art     ( 2912): WaitForGcToComplete blocked for 176.898ms for cause HeapTrim
I/python  ( 9018): [INFO              ] [Window      ] Provider: pygame
I/libSDL  ( 9018): SDL_SetVideoMode(): application requested mode 720x1184
I/python  ( 9018): [INFO              ] [GL          ] OpenGL version <OpenGL ES 2.0>
I/python  ( 9018): [INFO              ] [GL          ] OpenGL vendor <ARM>
I/python  ( 9018): [INFO              ] [GL          ] OpenGL renderer <Mali-450 MP>
I/python  ( 9018): [INFO              ] [GL          ] OpenGL parsed version: 2, 0
I/python  ( 9018): [INFO              ] [GL          ] Texture max size <4096>
I/python  ( 9018): [INFO              ] [GL          ] Texture max units <8>
I/HwSystemManager( 3703): PowerManagementModel:setAlarmsPending appList = []###pending = false
I/python  ( 9018): [INFO              ] [Support     ] Android install hooks
I/python  ( 9018): [INFO              ] [Window      ] virtual keyboard not allowed, single mode, not docked
I/python  ( 9018): [INFO              ] [Text        ] Provider: pygame
I/python  ( 9018): [INFO              ] [Audio       ] Providers: audio_pygame (audio_pygst, audio_ffpyplayer ignored)
I/python  ( 9018): [INFO              ] [GL          ] NPOT texture support is available
E/WifiStateMachine( 2912):  ConnectedState !CMD_RSSI_POLL 11 0 "SPARK-47A2ZV" b0:e5:ed:3e:35:d4 rssi=-67 f=2412 sc=100 link=72 tx=238.5, 0.0, 0.0  rx=249.5 bcn=0 [on:0 tx:0 rx:0 period:3004] from screen [on:0 period:-1837754755] gl hn u24 rssi=-62 ag=0 hr ticks 0,0,4 ls-=0 [56,56,60,60,65] brc=0 lrc=0
E/WifiStateMachine( 2912):  L2ConnectedState !CMD_RSSI_POLL 11 0 "SPARK-47A2ZV" b0:e5:ed:3e:35:d4 rssi=-67 f=2412 sc=100 link=72 tx=238.5, 0.0, 0.0  rx=249.5 bcn=0 [on:0 tx:0 rx:0 period:1] from screen [on:0 period:-1837754754] gl hn u24 rssi=-62 ag=0 hr ticks 0,0,4 ls-=0 [56,56,60,60,65] brc=0 lrc=0
E/WifiStateMachine( 2912): fetchRssiLinkSpeedAndFrequencyNative rssi=-63 linkspeed=72 SSID="SPARK-47A2ZV"
E/WifiStateMachine( 2912): calculateWifiScore freq=2412 speed=72 score=100 highRSSI  -> txbadrate=0.00 txgoodrate=147.75 txretriesrate=0.00 rxrate=163.75 userTriggerdPenalty0
E/WifiStateMachine( 2912):  good link -> stuck count =0
E/WifiStateMachine( 2912):  badRSSI count0 lowRSSI count0 --> score 60
E/WifiStateMachine( 2912):  isHighRSSI       ---> score=65
I/MediaPlayerFactory( 2544): filePath /storage/emulated/0/kivy/pub/audio/disco_dancing.wav!
E/MediaPlayerFactory( 2544):  create StagefrightPlayer
E/MediaPlayer( 9018): Should have subtitle controller already set
I/str_params( 2544): key: 'mode' value: ''
I/AwesomePlayer( 2544): [isLowPowerMode] isLowPowerApk[0]
I/AwesomePlayer( 2544): is not Low Power Apk.
I/AwesomePlayer( 2544): create AudioPlayer
W/audio_a2dp_hw( 2544): adev_set_parameters: WARNING: set param called even when stream out is null
I/AudioPolicyManager( 2544): getOutput() stream 3, samplingRate 0, format 0, channelMask 3, flags 0
W/audio_a2dp_hw( 2544): adev_set_parameters: WARNING: set param called even when stream out is null
I/AudioPolicyManager( 2544): getOutput() stream 3, samplingRate 0, format 0, channelMask 3, flags 0
I/AudioPolicyManager( 2544): getOutput() stream 3, samplingRate 44100, format 1, channelMask 3, flags 0
I/AudioPolicyManager( 2544): getOutput() stream 3, samplingRate 0, format 0, channelMask 3, flags 0
I/AudioPolicyManager( 2544): startOutput() output 2, stream 3, session 20
I/AudioPolicyManager( 2544): getNewOutputDevice() selected device 2
I/AudioPolicyManager( 2544): isStreamActive() stream 3 inPastMs 0
I/AudioPolicyManager( 2544): setOutputDevice() output 2 device 0x0002 delayMs 0
I/AudioPolicyManager( 2544): setOutputDevice() prevDevice 0x0002
I/AudioPolicyManager( 2544): isStreamActive() stream 3 inPastMs 5000
I/AudioPolicyManager( 2544): setOutputDevice() setting same device 0x0002 or null device for output 2
I/audio_hw_primary( 2544): check_device_change return 1
I/AudioPolicyManager( 2544): getDeviceForVolume() selected device 0x2
I/AudioPolicyManager( 2544): checkAndSetVolume: index 5 output 2 device 0x2
I/AudioPolicyManager( 2544): getDeviceForVolume() selected device 0x2
I/AudioPolicyManager( 2544): getDeviceForVolume() selected device 0x2
I/AudioPolicyManager( 2544): checkAndSetVolume: index 0 output 2 device 0x2
I/AudioPolicyManager( 2544): getDeviceForVolume() selected device 0x2
I/AudioPolicyManager( 2544): getDeviceForVolume() selected device 0x2
I/AudioPolicyManager( 2544): checkAndSetVolume: index 0 output 2 device 0x2
I/AudioPolicyManager( 2544): getDeviceForVolume() selected device 0x2
I/AudioPolicyManager( 2544): getDeviceForVolume() selected device 0x2
I/AudioPolicyManager( 2544): checkAndSetVolume: index 2 output 2 device 0x2
I/AudioPolicyManager( 2544): getDeviceForVolume() selected device 0x2
I/AudioPolicyManager( 2544): getDeviceForVolume() selected device 0x2
I/AudioPolicyManager( 2544): checkAndSetVolume: index 1 output 2 device 0x2
I/AudioPolicyManager( 2544): getDeviceForVolume() selected device 0x2
I/AudioPolicyManager( 2544): getDeviceForVolume() selected device 0x2
I/AudioPolicyManager( 2544): checkAndSetVolume: index 0 output 2 device 0x2
I/AudioPolicyManager( 2544): getDeviceForVolume() selected device 0x2
I/AudioPolicyManager( 2544): getDeviceForVolume() selected device 0x2
I/AudioPolicyManager( 2544): checkAndSetVolume: index 7 output 2 device 0x2
I/AudioPolicyManager( 2544): getDeviceForVolume() selected device 0x2
I/AudioPolicyManager( 2544): checkAndSetVolume: index 7 output 2 device 0x2
I/AudioPolicyManager( 2544): getDeviceForVolume() selected device 0x2
I/AudioPolicyManager( 2544): getDeviceForVolume() selected device 0x2
I/AudioPolicyManager( 2544): checkAndSetVolume: index 0 output 2 device 0x2
I/AudioPolicyManager( 2544): getDeviceForVolume() selected device 0x2
I/AudioPolicyManager( 2544): getDeviceForVolume() selected device 0x2
I/AudioPolicyManager( 2544): checkAndSetVolume: index 2 output 2 device 0x2
I/AudioPolicyManager( 2544): getDeviceForVolume() selected device 0x2
I/AudioPolicyManager( 2544): getDeviceForVolume() selected device 0x2
I/AudioPolicyManager( 2544): checkAndSetVolume: index 11 output 2 device 0x2
I/AudioPolicyManager( 2544): getDeviceForVolume() selected device 0x2
I/AudioPolicyManager( 2544): checkAndSetVolume: index 2 output 2 device 0x2
I/AudioPolicyManager( 2544): getDeviceForVolume() selected device 0x2
I/AudioPolicyManager( 2544): getDeviceForVolume() selected device 0x2
I/AudioPolicyManager( 2544): isStreamActive() stream 3 inPastMs 5000
I/AudioPolicyManager( 2544): isStreamActive() stream 3 inPastMs 5000
E/HsmCoreServiceImpl( 2912): onTransact in code is: 102
I/MediaProcessHandler( 2912): processOp opType: 0, uid: 10096, pid: 9018
I/audio_hw_primary( 2544): start_output_stream: out_type = 0, out_device = 0
I/audio_hw_primary( 2544): output_device_id is 2, output_route is media-speaker;input_source_id is 0, input_route is null.
I/dsp_common( 2544): dsp_common_control_algo:set device = 2
I/dsp_common( 2544): dsp_common_control_algo:set device = 2
I/TFA9895_SPK( 2544): tfa9895 power on scene = 0, lastScene= 0
I/TFA9895_SPK( 2544): tfa9895 spk power on!
E/AudioSink( 2544): received unknown event type: 1 inside CallbackWrapper !
E/AudioSink( 2544): received unknown event type: 1 inside CallbackWrapper !
I/python  ( 9018): [INFO              ] [OSC         ] using <thread> for socket
I/python  ( 9018): [INFO              ] [Base        ] Start application main loop
I/python  ( 9018): [INFO              ] [Android     ] found 17 joystick
I/python  ( 9018): [INFO              ] [Android     ] create joystick <0>
I/python  ( 9018): [INFO              ] [Android     ] discard joystick <0> cause no button
I/python  ( 9018): [INFO              ] [Android     ] create joystick <1>
I/python  ( 9018): [INFO              ] [Android     ] create joystick <2>
I/python  ( 9018): [INFO              ] [Android     ] create joystick <3>
I/python  ( 9018): [INFO              ] [Android     ] create joystick <4>
I/python  ( 9018): [INFO              ] [Android     ] create joystick <5>
I/python  ( 9018): [INFO              ] [Android     ] create joystick <6>
I/python  ( 9018): [INFO              ] [Android     ] create joystick <7>
I/python  ( 9018): [INFO              ] [Android     ] create joystick <8>
I/python  ( 9018): [INFO              ] [Android     ] create joystick <9>
I/python  ( 9018): [INFO              ] [Android     ] create joystick <10>
I/python  ( 9018): [INFO              ] [Android     ] create joystick <11>
I/python  ( 9018): [INFO              ] [Android     ] create joystick <12>
I/python  ( 9018): [INFO              ] [Android     ] create joystick <13>
I/python  ( 9018): [INFO              ] [Android     ] create joystick <14>
I/python  ( 9018): [INFO              ] [Android     ] create joystick <15>
I/python  ( 9018): [INFO              ] [Android     ] create joystick <16>
E/ZipFileCache( 3200): init failed when open zip file.
I/wpa_supplicant( 3052): wlan0: HEART-BEAT-ACK: 27
E/WifiMonitor( 2912): WifiMonitor:wlan0 cnt=88 dispatchEvent: HEART-BEAT-ACK: 27
E/WifiStateMachine( 2912):  ConnectedState !what:147506 0 0
E/WifiStateMachine( 2912):  L2ConnectedState !what:147506 0 0
E/WifiStateMachine( 2912):  ConnectModeState !what:147506 0 0
E/WifiStateMachine( 2912):  DriverStartedState !what:147506 0 0
E/WifiStateMachine( 2912):  SupplicantStartedState !what:147506 0 0
I/Hwaps   ( 9018): APS: version is 2.0.32
W/PGApi_client( 3463): recv actoionId = 10011, action = com.huawei.pgmng.PGAction@8b6568b actionId =10011 pkg =org.kivy.pygame extend1 =39 extend2 =4 flag =3 type =1
W/PGMiddleWare jhh( 3463): in handleAction method, action = 10011
W/PGMiddleWare jhh( 3463): in handleAction, invoke client = com.huawei.pgmng.middleware.AudioEffectLowPowerImpl@2377816, action = com.huawei.pgmng.PGAction@8b6568b actionId =10011 pkg =org.kivy.pygame extend1 =39 extend2 =4 flag =3 type =1
I/AudioEffectLowPowerImpl jhh( 3463): jhh handle default mActionId = 10011, action = com.huawei.pgmng.PGAction@8b6568b actionId =10011 pkg =org.kivy.pygame extend1 =39 extend2 =4 flag =3 type =1
W/AudioEffectLowPowerImpl jhh( 3463): enter into 2D Game Scene.
W/AudioEffectLowPowerImpl jhh( 3463): m2DGameFront = true, m3DGameFront = false, mMediaPerceptible = false, mMusicPerceptible = false
I/AudioPolicyManager( 2544): isStreamActive() stream 3 inPastMs 0
W/AudioEffectLowPowerImpl jhh( 3463): mAudioActive = true, mMusicPerceptible = false
W/AudioEffectLowPowerImpl jhh( 3463): return for smartPAOn and mLowAudioEffectEnable both = false
I/CpuGovernorPolicy( 3463): delay cpuItem: id = 233, delay time  = 2000
E/WifiStateMachine( 2912):  ConnectedState !CMD_RSSI_POLL 11 0 "SPARK-47A2ZV" b0:e5:ed:3e:35:d4 rssi=-63 f=2412 sc=100 link=72 tx=147.8, 0.0, 0.0  rx=163.8 bcn=0 [on:0 tx:0 rx:0 period:3002] from screen [on:0 period:-1837751748] gl hn u24 rssi=-58 ag=0 hr ticks 0,0,4 ls-=0 [56,56,60,60,65] brc=0 lrc=0
E/WifiStateMachine( 2912):  L2ConnectedState !CMD_RSSI_POLL 11 0 "SPARK-47A2ZV" b0:e5:ed:3e:35:d4 rssi=-63 f=2412 sc=100 link=72 tx=147.8, 0.0, 0.0  rx=163.8 bcn=0 [on:0 tx:0 rx:0 period:2] from screen [on:0 period:-1837751746] gl hn u24 rssi=-58 ag=0 hr ticks 0,0,4 ls-=0 [56,56,60,60,65] brc=0 lrc=0
E/WifiStateMachine( 2912): fetchRssiLinkSpeedAndFrequencyNative rssi=-64 linkspeed=72 SSID="SPARK-47A2ZV"
E/WifiStateMachine( 2912): calculateWifiScore freq=2412 speed=72 score=100 highRSSI  -> txbadrate=0.00 txgoodrate=103.38 txretriesrate=0.00 rxrate=120.88 userTriggerdPenalty0
E/WifiStateMachine( 2912):  good link -> stuck count =0
E/WifiStateMachine( 2912):  badRSSI count0 lowRSSI count0 --> score 60
E/WifiStateMachine( 2912):  isHighRSSI       ---> score=65
I/Finsky  ( 6374): [83] com.google.android.finsky.bo.an.run(6): Stats for Executor: Db-frosting.db com.google.android.finsky.bo.ao@2e8fca71[Running, pool size = 0, active threads = 0, queued tasks = 0, completed tasks = 1]
I/MQoS    ( 2912): onSignal: mSubId=0,currDataSubID=0
I/MQoS    ( 2912): received cell-signal:5
I/OAM     ( 2713): [check_file_size:402]/data/hwlogdir/wifi_log/wifi_log_1 log file beyond size=10240Byte, creat new file
I/OAM     ( 2713): [rename_old_file:107]rename_old_file
I/OAM     ( 2713): 
I/MediaPlayerFactory( 2544): filePath /storage/emulated/0/kivy/pub/audio/disco_dancing.wav!
E/MediaPlayerFactory( 2544):  create StagefrightPlayer
E/MediaPlayer( 9018): Should have subtitle controller already set
I/str_params( 2544): key: 'mode' value: ''
I/AwesomePlayer( 2544): [isLowPowerMode] isLowPowerApk[0]
I/AwesomePlayer( 2544): is not Low Power Apk.
I/AwesomePlayer( 2544): create AudioPlayer
W/audio_a2dp_hw( 2544): adev_set_parameters: WARNING: set param called even when stream out is null
I/AudioPolicyManager( 2544): getOutput() stream 3, samplingRate 0, format 0, channelMask 3, flags 0
W/audio_a2dp_hw( 2544): adev_set_parameters: WARNING: set param called even when stream out is null
I/AudioPolicyManager( 2544): getOutput() stream 3, samplingRate 0, format 0, channelMask 3, flags 0
I/AudioPolicyManager( 2544): getOutput() stream 3, samplingRate 44100, format 1, channelMask 3, flags 0
I/AudioPolicyManager( 2544): getOutput() stream 3, samplingRate 0, format 0, channelMask 3, flags 0
I/AudioPolicyManager( 2544): startOutput() output 2, stream 3, session 20
E/HsmCoreServiceImpl( 2912): onTransact in code is: 102
I/MediaProcessHandler( 2912): processOp opType: 0, uid: 10096, pid: 9018
I/AudioPolicyManager( 2544): stopOutput() output 2, stream 3, session 20
I/PhoneStatusBar( 3200): shouldTranslucent:true
E/WifiStateMachine( 2912):  ConnectedState !CMD_RSSI_POLL 11 0 "SPARK-47A2ZV" b0:e5:ed:3e:35:d4 rssi=-64 f=2412 sc=100 link=72 tx=103.4, 0.0, 0.0  rx=120.9 bcn=0 [on:0 tx:0 rx:0 period:3003] from screen [on:0 period:-1837748740] gl hn u24 rssi=-59 ag=0 hr ticks 0,0,4 ls-=0 [56,56,60,60,65] brc=0 lrc=0
E/WifiStateMachine( 2912):  L2ConnectedState !CMD_RSSI_POLL 11 0 "SPARK-47A2ZV" b0:e5:ed:3e:35:d4 rssi=-64 f=2412 sc=100 link=72 tx=103.4, 0.0, 0.0  rx=120.9 bcn=0 [on:0 tx:0 rx:0 period:1] from screen [on:0 period:-1837748739] gl hn u24 rssi=-59 ag=0 hr ticks 0,0,4 ls-=0 [56,56,60,60,65] brc=0 lrc=0
E/WifiStateMachine( 2912): fetchRssiLinkSpeedAndFrequencyNative rssi=-60 linkspeed=72 SSID="SPARK-47A2ZV"
E/WifiStateMachine( 2912): calculateWifiScore freq=2412 speed=72 score=100 highRSSI  -> txbadrate=0.00 txgoodrate=82.19 txretriesrate=0.00 rxrate=103.44 userTriggerdPenalty0
E/WifiStateMachine( 2912):  good link -> stuck count =0
E/WifiStateMachine( 2912):  badRSSI count0 lowRSSI count0 --> score 60
E/WifiStateMachine( 2912):  isHighRSSI       ---> score=65
I/PhoneStatusBar( 3200): shouldTranslucent:true
E/Lss     ( 8930): SlpGwCommunicator::errorCallback: ERROR: SLP GW error: 2208
W/Lss     ( 8930): Response does not contain status bytes. Len is only : 0
E/Lss     ( 8930): Reading Gnss response failed. Status 2208, resp msg status 0
E/Lss     ( 8930): Could not get assistance data response
E/Lss     ( 8930): Empty response
I/AudioPolicyManager( 2544): stopOutput() output 2, stream 3, session 20
I/AudioPolicyManager( 2544): getNewOutputDevice() selected device 0
I/AudioPolicyManager( 2544): setOutputDevice() output 2 device 0x0000 delayMs 40
I/AudioPolicyManager( 2544): setOutputDevice() prevDevice 0x0002
I/AudioPolicyManager( 2544): isStreamActive() stream 3 inPastMs 5000
I/AudioPolicyManager( 2544): setOutputDevice() setting same device 0x0000 or null device for output 2
I/AudioPolicyManager( 2544): isStreamActive() stream 3 inPastMs 5000
I/AudioPolicyManager( 2544): isStreamActive() stream 3 inPastMs 5000
I/MediaPlayerFactory( 2544): filePath /storage/emulated/0/kivy/pub/audio/disco_dancing.wav!
E/MediaPlayerFactory( 2544):  create StagefrightPlayer
E/MediaPlayer( 9018): Should have subtitle controller already set
I/str_params( 2544): key: 'mode' value: ''
I/AwesomePlayer( 2544): [isLowPowerMode] isLowPowerApk[0]
I/AwesomePlayer( 2544): is not Low Power Apk.
I/AwesomePlayer( 2544): create AudioPlayer
W/audio_a2dp_hw( 2544): adev_set_parameters: WARNING: set param called even when stream out is null
I/AudioPolicyManager( 2544): getOutput() stream 3, samplingRate 0, format 0, channelMask 3, flags 0
W/audio_a2dp_hw( 2544): adev_set_parameters: WARNING: set param called even when stream out is null
I/AudioPolicyManager( 2544): getOutput() stream 3, samplingRate 0, format 0, channelMask 3, flags 0
I/AudioPolicyManager( 2544): getOutput() stream 3, samplingRate 44100, format 1, channelMask 3, flags 0
I/AudioPolicyManager( 2544): getOutput() stream 3, samplingRate 0, format 0, channelMask 3, flags 0
I/AudioPolicyManager( 2544): startOutput() output 2, stream 3, session 20
I/AudioPolicyManager( 2544): getNewOutputDevice() selected device 2
I/AudioPolicyManager( 2544): isStreamActive() stream 3 inPastMs 0
I/AudioPolicyManager( 2544): setOutputDevice() output 2 device 0x0002 delayMs 0
I/AudioPolicyManager( 2544): setOutputDevice() prevDevice 0x0002
I/AudioPolicyManager( 2544): isStreamActive() stream 3 inPastMs 5000
I/AudioPolicyManager( 2544): setOutputDevice() setting same device 0x0002 or null device for output 2
I/audio_hw_primary( 2544): check_device_change return 1
I/AudioPolicyManager( 2544): getDeviceForVolume() selected device 0x2
I/AudioPolicyManager( 2544): checkAndSetVolume: index 5 output 2 device 0x2
I/AudioPolicyManager( 2544): getDeviceForVolume() selected device 0x2
I/AudioPolicyManager( 2544): getDeviceForVolume() selected device 0x2
I/AudioPolicyManager( 2544): checkAndSetVolume: index 0 output 2 device 0x2
I/AudioPolicyManager( 2544): getDeviceForVolume() selected device 0x2
I/AudioPolicyManager( 2544): getDeviceForVolume() selected device 0x2
I/AudioPolicyManager( 2544): checkAndSetVolume: index 0 output 2 device 0x2
I/AudioPolicyManager( 2544): getDeviceForVolume() selected device 0x2
I/AudioPolicyManager( 2544): getDeviceForVolume() selected device 0x2
I/AudioPolicyManager( 2544): checkAndSetVolume: index 2 output 2 device 0x2
I/AudioPolicyManager( 2544): getDeviceForVolume() selected device 0x2
I/AudioPolicyManager( 2544): getDeviceForVolume() selected device 0x2
I/AudioPolicyManager( 2544): checkAndSetVolume: index 1 output 2 device 0x2
I/AudioPolicyManager( 2544): getDeviceForVolume() selected device 0x2
I/AudioPolicyManager( 2544): getDeviceForVolume() selected device 0x2
I/AudioPolicyManager( 2544): checkAndSetVolume: index 0 output 2 device 0x2
I/AudioPolicyManager( 2544): getDeviceForVolume() selected device 0x2
I/AudioPolicyManager( 2544): getDeviceForVolume() selected device 0x2
I/AudioPolicyManager( 2544): checkAndSetVolume: index 7 output 2 device 0x2
I/AudioPolicyManager( 2544): getDeviceForVolume() selected device 0x2
I/AudioPolicyManager( 2544): checkAndSetVolume: index 7 output 2 device 0x2
I/AudioPolicyManager( 2544): getDeviceForVolume() selected device 0x2
I/AudioPolicyManager( 2544): getDeviceForVolume() selected device 0x2
I/AudioPolicyManager( 2544): checkAndSetVolume: index 0 output 2 device 0x2
I/AudioPolicyManager( 2544): getDeviceForVolume() selected device 0x2
I/AudioPolicyManager( 2544): getDeviceForVolume() selected device 0x2
I/AudioPolicyManager( 2544): checkAndSetVolume: index 2 output 2 device 0x2
I/AudioPolicyManager( 2544): getDeviceForVolume() selected device 0x2
I/AudioPolicyManager( 2544): getDeviceForVolume() selected device 0x2
I/AudioPolicyManager( 2544): checkAndSetVolume: index 11 output 2 device 0x2
I/AudioPolicyManager( 2544): getDeviceForVolume() selected device 0x2
I/AudioPolicyManager( 2544): checkAndSetVolume: index 2 output 2 device 0x2
I/AudioPolicyManager( 2544): getDeviceForVolume() selected device 0x2
I/AudioPolicyManager( 2544): getDeviceForVolume() selected device 0x2
I/AudioPolicyManager( 2544): isStreamActive() stream 3 inPastMs 5000
I/AudioPolicyManager( 2544): isStreamActive() stream 3 inPastMs 5000
E/HsmCoreServiceImpl( 2912): onTransact in code is: 102
I/MediaProcessHandler( 2912): processOp opType: 0, uid: 10096, pid: 9018
E/Thermal-daemon( 2346): [charger_ic] temp_new :38  temp_old :37
E/Thermal-daemon( 2346): Report temperature: [charger_ic] temp :38  report_threshold:1
E/WifiStateMachine( 2912):  ConnectedState !CMD_RSSI_POLL 11 0 "SPARK-47A2ZV" b0:e5:ed:3e:35:d4 rssi=-60 f=2412 sc=100 link=72 tx=82.2, 0.0, 0.0  rx=103.4 bcn=0 [on:0 tx:0 rx:0 period:3004] from screen [on:0 period:-1837745729] gl hn u24 rssi=-55 ag=0 hr ticks 0,0,4 ls-=0 [56,56,60,60,65] brc=0 lrc=0
E/WifiStateMachine( 2912):  L2ConnectedState !CMD_RSSI_POLL 11 0 "SPARK-47A2ZV" b0:e5:ed:3e:35:d4 rssi=-60 f=2412 sc=100 link=72 tx=82.2, 0.0, 0.0  rx=103.4 bcn=0 [on:0 tx:0 rx:0 period:2] from screen [on:0 period:-1837745727] gl hn u24 rssi=-55 ag=0 hr ticks 0,0,4 ls-=0 [56,56,60,60,65] brc=0 lrc=0
E/WifiStateMachine( 2912): fetchRssiLinkSpeedAndFrequencyNative rssi=-62 linkspeed=72 SSID="SPARK-47A2ZV"
E/WifiStateMachine( 2912): calculateWifiScore freq=2412 speed=72 score=100 highRSSI  -> txbadrate=0.00 txgoodrate=75.59 txretriesrate=0.00 rxrate=96.72 userTriggerdPenalty0
E/WifiStateMachine( 2912):  good link -> stuck count =0
E/WifiStateMachine( 2912):  badRSSI count0 lowRSSI count0 --> score 60
E/WifiStateMachine( 2912):  isHighRSSI       ---> score=65
I/OAM     ( 2713): [check_file_size:402]/data/hwlogdir/wifi_log/wifi_log_1 log file beyond size=10240Byte, creat new file
I/OAM     ( 2713): [rename_old_file:107]rename_old_file
I/OAM     ( 2713): 
