int logctl_get(): open '/dev/hwlog_switch' fail -1, 13. Permission denied

Note: log switch off, only log_main and log_events will have logs!
--------- beginning of main
E/WifiStateMachine( 2912): fetchRssiLinkSpeedAndFrequencyNative rssi=-62 linkspeed=72 SSID="SPARK-47A2ZV"
E/WifiStateMachine( 2912): calculateWifiScore freq=2412 speed=72 score=100 highRSSI  -> txbadrate=0.00 txgoodrate=84.11 txretriesrate=0.00 rxrate=101.86 userTriggerdPenalty0
E/WifiStateMachine( 2912):  good link -> stuck count =0
E/WifiStateMachine( 2912):  badRSSI count0 lowRSSI count0 --> score 60
E/WifiStateMachine( 2912):  isHighRSSI       ---> score=65
I/OAM     ( 2713): [check_file_size:402]/data/hwlogdir/wifi_log/wifi_log_1 log file beyond size=10240Byte, creat new file
I/OAM     ( 2713): [rename_old_file:107]rename_old_file
I/OAM     ( 2713): 
I/MQoS    ( 2912): onSignal: mSubId=0,currDataSubID=0
I/MQoS    ( 2912): received cell-signal:5
I/GmscoreIpa( 4263): Starting mediastore instant index
I/PG Utils( 4263): acquire_providerpkg:[com.android.providers.media] pid:[]  maybe timeout , send to PG
I/PG Utils( 4263): acquire_providerpkg:[com.android.providers.media] pid:[]  maybe timeout , send to PG
I/wpa_supplicant( 3052): wlan0: HEART-BEAT-ACK: 23
E/WifiMonitor( 2912): WifiMonitor:wlan0 cnt=75 dispatchEvent: HEART-BEAT-ACK: 23
E/WifiStateMachine( 2912):  ConnectedState !what:147506 0 0
E/WifiStateMachine( 2912):  L2ConnectedState !what:147506 0 0
E/WifiStateMachine( 2912):  ConnectModeState !what:147506 0 0
E/WifiStateMachine( 2912):  DriverStartedState !what:147506 0 0
E/WifiStateMachine( 2912):  SupplicantStartedState !what:147506 0 0
I/AudioPolicyManager( 2544): stopOutput() output 2, stream 3, session 17
I/AudioPolicyManager( 2544): getNewOutputDevice() selected device 0
I/AudioPolicyManager( 2544): setOutputDevice() output 2 device 0x0000 delayMs 40
I/AudioPolicyManager( 2544): setOutputDevice() prevDevice 0x0002
I/AudioPolicyManager( 2544): isStreamActive() stream 3 inPastMs 5000
I/AudioPolicyManager( 2544): setOutputDevice() setting same device 0x0000 or null device for output 2
I/AudioPolicyManager( 2544): isStreamActive() stream 3 inPastMs 5000
I/AudioPolicyManager( 2544): isStreamActive() stream 3 inPastMs 5000
I/MediaPlayerFactory( 2544): filePath /storage/emulated/0/kivy/pub/audio/disco_dancing.wav!
E/MediaPlayerFactory( 2544):  create StagefrightPlayer
E/MediaPlayer( 8731): Should have subtitle controller already set
I/str_params( 2544): key: 'mode' value: ''
I/AwesomePlayer( 2544): [isLowPowerMode] isLowPowerApk[0]
I/AwesomePlayer( 2544): is not Low Power Apk.
I/AwesomePlayer( 2544): create AudioPlayer
W/audio_a2dp_hw( 2544): adev_set_parameters: WARNING: set param called even when stream out is null
I/AudioPolicyManager( 2544): getOutput() stream 3, samplingRate 0, format 0, channelMask 3, flags 0
W/audio_a2dp_hw( 2544): adev_set_parameters: WARNING: set param called even when stream out is null
I/AudioPolicyManager( 2544): getOutput() stream 3, samplingRate 0, format 0, channelMask 3, flags 0
I/AudioPolicyManager( 2544): getOutput() stream 3, samplingRate 44100, format 1, channelMask 3, flags 0
I/AudioPolicyManager( 2544): getOutput() stream 3, samplingRate 0, format 0, channelMask 3, flags 0
I/AudioPolicyManager( 2544): startOutput() output 2, stream 3, session 17
I/AudioPolicyManager( 2544): getNewOutputDevice() selected device 2
I/AudioPolicyManager( 2544): isStreamActive() stream 3 inPastMs 0
I/AudioPolicyManager( 2544): setOutputDevice() output 2 device 0x0002 delayMs 0
I/AudioPolicyManager( 2544): setOutputDevice() prevDevice 0x0002
I/AudioPolicyManager( 2544): isStreamActive() stream 3 inPastMs 5000
I/AudioPolicyManager( 2544): setOutputDevice() setting same device 0x0002 or null device for output 2
I/audio_hw_primary( 2544): check_device_change return 1
I/AudioPolicyManager( 2544): getDeviceForVolume() selected device 0x2
I/AudioPolicyManager( 2544): checkAndSetVolume: index 5 output 2 device 0x2
I/AudioPolicyManager( 2544): getDeviceForVolume() selected device 0x2
I/AudioPolicyManager( 2544): getDeviceForVolume() selected device 0x2
I/AudioPolicyManager( 2544): checkAndSetVolume: index 0 output 2 device 0x2
I/AudioPolicyManager( 2544): getDeviceForVolume() selected device 0x2
I/AudioPolicyManager( 2544): getDeviceForVolume() selected device 0x2
I/AudioPolicyManager( 2544): checkAndSetVolume: index 0 output 2 device 0x2
I/AudioPolicyManager( 2544): getDeviceForVolume() selected device 0x2
I/AudioPolicyManager( 2544): getDeviceForVolume() selected device 0x2
I/AudioPolicyManager( 2544): checkAndSetVolume: index 2 output 2 device 0x2
I/AudioPolicyManager( 2544): getDeviceForVolume() selected device 0x2
I/AudioPolicyManager( 2544): getDeviceForVolume() selected device 0x2
I/AudioPolicyManager( 2544): checkAndSetVolume: index 1 output 2 device 0x2
I/AudioPolicyManager( 2544): getDeviceForVolume() selected device 0x2
I/AudioPolicyManager( 2544): getDeviceForVolume() selected device 0x2
I/AudioPolicyManager( 2544): checkAndSetVolume: index 0 output 2 device 0x2
I/AudioPolicyManager( 2544): getDeviceForVolume() selected device 0x2
I/AudioPolicyManager( 2544): getDeviceForVolume() selected device 0x2
I/AudioPolicyManager( 2544): checkAndSetVolume: index 7 output 2 device 0x2
I/AudioPolicyManager( 2544): getDeviceForVolume() selected device 0x2
I/AudioPolicyManager( 2544): checkAndSetVolume: index 7 output 2 device 0x2
I/AudioPolicyManager( 2544): getDeviceForVolume() selected device 0x2
I/AudioPolicyManager( 2544): getDeviceForVolume() selected device 0x2
I/AudioPolicyManager( 2544): checkAndSetVolume: index 0 output 2 device 0x2
I/AudioPolicyManager( 2544): getDeviceForVolume() selected device 0x2
I/AudioPolicyManager( 2544): getDeviceForVolume() selected device 0x2
I/AudioPolicyManager( 2544): checkAndSetVolume: index 2 output 2 device 0x2
I/AudioPolicyManager( 2544): getDeviceForVolume() selected device 0x2
I/AudioPolicyManager( 2544): getDeviceForVolume() selected device 0x2
I/AudioPolicyManager( 2544): checkAndSetVolume: index 11 output 2 device 0x2
I/AudioPolicyManager( 2544): getDeviceForVolume() selected device 0x2
I/AudioPolicyManager( 2544): checkAndSetVolume: index 2 output 2 device 0x2
I/AudioPolicyManager( 2544): getDeviceForVolume() selected device 0x2
I/AudioPolicyManager( 2544): getDeviceForVolume() selected device 0x2
I/AudioPolicyManager( 2544): isStreamActive() stream 3 inPastMs 5000
I/AudioPolicyManager( 2544): isStreamActive() stream 3 inPastMs 5000
E/HsmCoreServiceImpl( 2912): onTransact in code is: 102
I/MediaProcessHandler( 2912): processOp opType: 0, uid: 10096, pid: 8731
E/WifiStateMachine( 2912):  ConnectedState !CMD_RSSI_POLL 9 0 "SPARK-47A2ZV" b0:e5:ed:3e:35:d4 rssi=-62 f=2412 sc=100 link=72 tx=84.1, 0.0, 0.0  rx=101.9 bcn=0 [on:0 tx:0 rx:0 period:3002] from screen [on:0 period:-1837812339] gl hn u24 rssi=-57 ag=0 hr ticks 0,0,4 ls-=0 [56,56,60,60,65] brc=0 lrc=0
E/WifiStateMachine( 2912):  L2ConnectedState !CMD_RSSI_POLL 9 0 "SPARK-47A2ZV" b0:e5:ed:3e:35:d4 rssi=-62 f=2412 sc=100 link=72 tx=84.1, 0.0, 0.0  rx=101.9 bcn=0 [on:0 tx:0 rx:0 period:1] from screen [on:0 period:-1837812338] gl hn u24 rssi=-57 ag=0 hr ticks 0,0,4 ls-=0 [56,56,60,60,65] brc=0 lrc=0
E/WifiStateMachine( 2912): fetchRssiLinkSpeedAndFrequencyNative rssi=-59 linkspeed=72 SSID="SPARK-47A2ZV"
E/WifiStateMachine( 2912): calculateWifiScore freq=2412 speed=72 score=100 highRSSI  -> txbadrate=0.00 txgoodrate=84.56 txretriesrate=0.00 rxrate=107.43 userTriggerdPenalty0
E/WifiStateMachine( 2912):  good link -> stuck count =0
E/WifiStateMachine( 2912):  badRSSI count0 lowRSSI count0 --> score 60
E/WifiStateMachine( 2912):  isHighRSSI       ---> score=65
E/Thermal-daemon( 2346): [charger_ic] temp_new :38  temp_old :37
E/Thermal-daemon( 2346): Report temperature: [charger_ic] temp :38  report_threshold:1
I/Finsky  ( 6374): [83] com.google.android.finsky.bo.an.run(6): Stats for Executor: Db-frosting.db com.google.android.finsky.bo.ao@2e8fca71[Running, pool size = 0, active threads = 0, queued tasks = 0, completed tasks = 1]
E/PlayCommon( 6374): [95] com.google.android.play.b.x.a(20): Failed to connect to server for server timestamp: java.net.UnknownHostException: Unable to resolve host "play.googleapis.com": No address associated with hostname
W/ChimeraUtils( 3952): Non Chimera context
I/PlayCommon( 6374): [95] com.google.android.play.b.g.a(325): Connecting to server: https://play.googleapis.com/play/log?format=raw&proto_v2=true
E/PlayCommon( 6374): [95] com.google.android.play.b.g.a(360): Failed to connect to server: java.net.UnknownHostException: Unable to resolve host "play.googleapis.com": No address associated with hostname
I/OAM     ( 2713): [check_file_size:402]/data/hwlogdir/wifi_log/wifi_log_1 log file beyond size=10240Byte, creat new file
I/OAM     ( 2713): [rename_old_file:107]rename_old_file
I/OAM     ( 2713): 
E/WifiStateMachine( 2912):  ConnectedState !CMD_RSSI_POLL 9 0 "SPARK-47A2ZV" b0:e5:ed:3e:35:d4 rssi=-59 f=2412 sc=100 link=72 tx=84.6, 0.0, 0.0  rx=107.4 bcn=0 [on:0 tx:0 rx:0 period:3006] from screen [on:0 period:-1837809326] gl hn u24 rssi=-54 ag=0 hr ticks 0,0,4 ls-=0 [56,56,60,60,65] brc=0 lrc=0
E/WifiStateMachine( 2912):  L2ConnectedState !CMD_RSSI_POLL 9 0 "SPARK-47A2ZV" b0:e5:ed:3e:35:d4 rssi=-59 f=2412 sc=100 link=72 tx=84.6, 0.0, 0.0  rx=107.4 bcn=0 [on:0 tx:0 rx:0 period:1] from screen [on:0 period:-1837809325] gl hn u24 rssi=-54 ag=0 hr ticks 0,0,4 ls-=0 [56,56,60,60,65] brc=0 lrc=0
E/WifiStateMachine( 2912): fetchRssiLinkSpeedAndFrequencyNative rssi=-61 linkspeed=72 SSID="SPARK-47A2ZV"
E/WifiStateMachine( 2912): calculateWifiScore freq=2412 speed=72 score=100 highRSSI  -> txbadrate=0.00 txgoodrate=88.28 txretriesrate=0.00 rxrate=112.21 userTriggerdPenalty0
E/WifiStateMachine( 2912):  good link -> stuck count =0
E/WifiStateMachine( 2912):  badRSSI count0 lowRSSI count0 --> score 60
E/WifiStateMachine( 2912):  isHighRSSI       ---> score=65
I/WVCdm   ( 2544): CdmEngine::OpenSession
I/WVCdm   ( 2544): Level3 Library Sep 25 2014 17:10:03
W/WVCdm   ( 2544): Could not read /data/mediadrm/IDM1013/ay64.dat2: No such file or directory
W/WVCdm   ( 2544): Could not load liboemcrypto.so. Falling Back to L3.  dlopen failed: library "liboemcrypto.so" not found
I/WVCdm   ( 2544): CdmEngine::QueryKeyControlInfo
W/WVCdm   ( 2544): BufferReader::Read<T> : Failure during parse: Not enough bytes (4)
W/WVCdm   ( 2544): CdmEngine::ExtractWidevinePssh: Unable to read PSSH atom size
I/WVCdm   ( 2544): CdmEngine::GenerateKeyRequest
I/AudioPolicyManager( 2544): stopOutput() output 2, stream 3, session 17
I/AudioPolicyManager( 2544): getNewOutputDevice() selected device 0
I/AudioPolicyManager( 2544): setOutputDevice() output 2 device 0x0000 delayMs 40
I/AudioPolicyManager( 2544): setOutputDevice() prevDevice 0x0002
I/AudioPolicyManager( 2544): isStreamActive() stream 3 inPastMs 5000
I/AudioPolicyManager( 2544): setOutputDevice() setting same device 0x0000 or null device for output 2
I/AudioPolicyManager( 2544): isStreamActive() stream 3 inPastMs 5000
I/AudioPolicyManager( 2544): isStreamActive() stream 3 inPastMs 5000
I/MediaPlayerFactory( 2544): filePath /storage/emulated/0/kivy/pub/audio/disco_dancing.wav!
E/MediaPlayerFactory( 2544):  create StagefrightPlayer
E/MediaPlayer( 8731): Should have subtitle controller already set
I/str_params( 2544): key: 'mode' value: ''
I/AwesomePlayer( 2544): [isLowPowerMode] isLowPowerApk[0]
I/AwesomePlayer( 2544): is not Low Power Apk.
I/AwesomePlayer( 2544): create AudioPlayer
W/audio_a2dp_hw( 2544): adev_set_parameters: WARNING: set param called even when stream out is null
I/AudioPolicyManager( 2544): getOutput() stream 3, samplingRate 0, format 0, channelMask 3, flags 0
W/audio_a2dp_hw( 2544): adev_set_parameters: WARNING: set param called even when stream out is null
I/AudioPolicyManager( 2544): getOutput() stream 3, samplingRate 0, format 0, channelMask 3, flags 0
I/AudioPolicyManager( 2544): getOutput() stream 3, samplingRate 44100, format 1, channelMask 3, flags 0
I/AudioPolicyManager( 2544): getOutput() stream 3, samplingRate 0, format 0, channelMask 3, flags 0
I/AudioPolicyManager( 2544): startOutput() output 2, stream 3, session 17
I/AudioPolicyManager( 2544): getNewOutputDevice() selected device 2
I/AudioPolicyManager( 2544): isStreamActive() stream 3 inPastMs 0
I/AudioPolicyManager( 2544): setOutputDevice() output 2 device 0x0002 delayMs 0
I/AudioPolicyManager( 2544): setOutputDevice() prevDevice 0x0002
I/AudioPolicyManager( 2544): isStreamActive() stream 3 inPastMs 5000
I/AudioPolicyManager( 2544): setOutputDevice() setting same device 0x0002 or null device for output 2
I/audio_hw_primary( 2544): check_device_change return 1
I/AudioPolicyManager( 2544): getDeviceForVolume() selected device 0x2
I/AudioPolicyManager( 2544): checkAndSetVolume: index 5 output 2 device 0x2
I/AudioPolicyManager( 2544): getDeviceForVolume() selected device 0x2
I/AudioPolicyManager( 2544): getDeviceForVolume() selected device 0x2
I/AudioPolicyManager( 2544): checkAndSetVolume: index 0 output 2 device 0x2
I/AudioPolicyManager( 2544): getDeviceForVolume() selected device 0x2
I/AudioPolicyManager( 2544): getDeviceForVolume() selected device 0x2
I/AudioPolicyManager( 2544): checkAndSetVolume: index 0 output 2 device 0x2
I/AudioPolicyManager( 2544): getDeviceForVolume() selected device 0x2
I/AudioPolicyManager( 2544): getDeviceForVolume() selected device 0x2
I/AudioPolicyManager( 2544): checkAndSetVolume: index 2 output 2 device 0x2
I/AudioPolicyManager( 2544): getDeviceForVolume() selected device 0x2
I/AudioPolicyManager( 2544): getDeviceForVolume() selected device 0x2
I/AudioPolicyManager( 2544): checkAndSetVolume: index 1 output 2 device 0x2
I/AudioPolicyManager( 2544): getDeviceForVolume() selected device 0x2
I/AudioPolicyManager( 2544): getDeviceForVolume() selected device 0x2
I/AudioPolicyManager( 2544): checkAndSetVolume: index 0 output 2 device 0x2
I/AudioPolicyManager( 2544): getDeviceForVolume() selected device 0x2
I/AudioPolicyManager( 2544): getDeviceForVolume() selected device 0x2
I/AudioPolicyManager( 2544): checkAndSetVolume: index 7 output 2 device 0x2
I/AudioPolicyManager( 2544): getDeviceForVolume() selected device 0x2
I/AudioPolicyManager( 2544): checkAndSetVolume: index 7 output 2 device 0x2
I/AudioPolicyManager( 2544): getDeviceForVolume() selected device 0x2
I/AudioPolicyManager( 2544): getDeviceForVolume() selected device 0x2
I/AudioPolicyManager( 2544): checkAndSetVolume: index 0 output 2 device 0x2
I/AudioPolicyManager( 2544): getDeviceForVolume() selected device 0x2
I/AudioPolicyManager( 2544): getDeviceForVolume() selected device 0x2
I/AudioPolicyManager( 2544): checkAndSetVolume: index 2 output 2 device 0x2
I/AudioPolicyManager( 2544): getDeviceForVolume() selected device 0x2
I/AudioPolicyManager( 2544): getDeviceForVolume() selected device 0x2
I/AudioPolicyManager( 2544): checkAndSetVolume: index 11 output 2 device 0x2
I/AudioPolicyManager( 2544): getDeviceForVolume() selected device 0x2
I/AudioPolicyManager( 2544): checkAndSetVolume: index 2 output 2 device 0x2
I/AudioPolicyManager( 2544): getDeviceForVolume() selected device 0x2
I/AudioPolicyManager( 2544): getDeviceForVolume() selected device 0x2
I/AudioPolicyManager( 2544): isStreamActive() stream 3 inPastMs 5000
I/AudioPolicyManager( 2544): isStreamActive() stream 3 inPastMs 5000
E/HsmCoreServiceImpl( 2912): onTransact in code is: 102
I/MediaProcessHandler( 2912): processOp opType: 0, uid: 10096, pid: 8731
I/OAM     ( 2713): [check_file_size:402]/data/hwlogdir/wifi_log/wifi_log_1 log file beyond size=10240Byte, creat new file
I/OAM     ( 2713): [rename_old_file:107]rename_old_file
I/OAM     ( 2713): 
I/WVCdm   ( 2544): CdmEngine::CloseSession
I/WVCdm   ( 2544): L3 Terminate.
I/CheckinUtil( 4263): Classify the device as Phone.
I/CheckinConnFactory( 4263): Get token from PseudonymousIdApi: 156=YfD9Gja5jcQbRYP3w3So3AhPwcjjUNRrCqYh--coCsUPj2QaRKBiz6asN0S5zebI0roxw-dWlDKyP90gVPidtnKee8x5arzRoBk-TeQuin87slyNQkSQ0jU7DwVK6IDIXa_L8PM5eWv3nogfKgqwA_TJWM-5_vXB9d8DPB9jg64
I/PG Utils( 4263): acquire_providerpkg:[com.google.android.gsf] pid:[]  maybe timeout , send to PG
E/WifiStateMachine( 2912):  ConnectedState !CMD_RSSI_POLL 9 0 "SPARK-47A2ZV" b0:e5:ed:3e:35:d4 rssi=-61 f=2412 sc=100 link=72 tx=88.3, 0.0, 0.0  rx=112.2 bcn=0 [on:0 tx:0 rx:0 period:3002] from screen [on:0 period:-1837806317] gl hn u24 rssi=-56 ag=0 hr ticks 0,0,4 ls-=0 [56,56,60,60,65] brc=0 lrc=0
E/WifiStateMachine( 2912):  L2ConnectedState !CMD_RSSI_POLL 9 0 "SPARK-47A2ZV" b0:e5:ed:3e:35:d4 rssi=-61 f=2412 sc=100 link=72 tx=88.3, 0.0, 0.0  rx=112.2 bcn=0 [on:0 tx:0 rx:0 period:1] from screen [on:0 period:-1837806316] gl hn u24 rssi=-56 ag=0 hr ticks 0,0,4 ls-=0 [56,56,60,60,65] brc=0 lrc=0
E/WifiStateMachine( 2912): fetchRssiLinkSpeedAndFrequencyNative rssi=-60 linkspeed=72 SSID="SPARK-47A2ZV"
E/WifiStateMachine( 2912): calculateWifiScore freq=2412 speed=72 score=100 highRSSI  -> txbadrate=0.00 txgoodrate=82.14 txretriesrate=0.00 rxrate=106.11 userTriggerdPenalty0
E/WifiStateMachine( 2912):  good link -> stuck count =0
E/WifiStateMachine( 2912):  badRSSI count0 lowRSSI count0 --> score 60
E/WifiStateMachine( 2912):  isHighRSSI       ---> score=65
I/CheckinRequestProcessor( 4263): set cookie as: NID=156=YfD9Gja5jcQbRYP3w3So3AhPwcjjUNRrCqYh--coCsUPj2QaRKBiz6asN0S5zebI0roxw-dWlDKyP90gVPidtnKee8x5arzRoBk-TeQuin87slyNQkSQ0jU7DwVK6IDIXa_L8PM5eWv3nogfKgqwA_TJWM-5_vXB9d8DPB9jg64
W/GDataClient( 4263): Unable to execute HTTP request.java.net.UnknownHostException: Unable to resolve host "android.clients.google.com": No address associated with hostname
W/SubscribedFeeds( 4263): Soft failure: java.net.UnknownHostException: Unable to resolve host "android.clients.google.com": No address associated with hostname
I/AccountTypeManager( 6778): Adding account type = com.android.contacts.model.account.ExternalAccountType@2f530343 in the cache
W/ResourceType( 6778): For resource 0x7f0f0002, entry index(2) is beyond type entryCount(2)
W/ResourceType( 6778): Failure getting entry for 0x7f0f0002 (t=14 e=2) (error -75)
W/ResourceType( 6778): For resource 0x7f0f0002, entry index(2) is beyond type entryCount(2)
W/ResourceType( 6778): Failure getting entry for 0x7f0f0002 (t=14 e=2) (error -75)
I/AccountTypeManager( 6778): Adding account type = com.android.contacts.model.account.ExternalAccountType@344baf9 in the cache
I/AccountTypeManager( 6778): Adding account type = com.android.contacts.model.account.ExchangeAccountType@2ad1aa3e in the cache
I/SimFactoryManager( 6778): Get SIM state from SIM factory manager: 5,For slotId:-1
I/AccountTypeManager( 6778): Adding account type = com.android.contacts.hap.sim.advanced.AdvancedSimAccountType@311f18e9 in the cache
W/AccountTypeManager( 6778): No authenticator found for type=com.android.huawei.secondsim, ignoring it.
I/AccountTypeManager( 6778): Adding account type = com.android.contacts.model.account.ExternalAccountType@3b8035ec in the cache
W/ResourceType( 6778): Failure getting entry for 0x7f181069 (t=23 e=4201) (error -2147483647)
W/ResourceType( 6778): Failure getting entry for 0x7f181069 (t=23 e=4201) (error -2147483647)
W/ResourceType( 6778): Failure getting entry for 0x7f18106a (t=23 e=4202) (error -2147483647)
W/ResourceType( 6778): Failure getting entry for 0x7f18106b (t=23 e=4203) (error -2147483647)
I/AccountTypeManager( 6778): Adding account type = com.android.contacts.model.account.ExternalAccountType@133a2c4a in the cache
W/ResourceType( 6778): For resource 0x7f020412, entry index(1042) is beyond type entryCount(769)
W/ResourceType( 6778): Failure getting entry for 0x7f020412 (t=1 e=1042) (error -75)
W/ResourceType( 6778): For resource 0x7f020412, entry index(1042) is beyond type entryCount(769)
W/ResourceType( 6778): Failure getting entry for 0x7f020412 (t=1 e=1042) (error -75)
I/AccountTypeManager( 6778): Adding account type = com.android.contacts.model.account.ExternalAccountType@1030c4d8 in the cache
I/AccountTypeManager( 6778): Adding account type = com.android.contacts.model.account.GoogleAccountType@17cdd031 in the cache
I/PhoneStatusBar( 3200): shouldTranslucent:true
E/ExternalAccountType( 6778): Unsupported attribute readOnly
I/AccountTypeManager( 6778): AccountManager, account size is: 7
I/AccountTypeManager( 6778): Loaded meta-data for 9 account types, 7 accounts in 239ms(wall) 88ms(cpu)
I/PhoneStatusBar( 3200): shouldTranslucent:true
I/MQoS    ( 2912): onSignal: mSubId=0,currDataSubID=0
I/MQoS    ( 2912): received cell-signal:5
I/AudioPolicyManager( 2544): stopOutput() output 2, stream 3, session 17
I/AudioPolicyManager( 2544): getNewOutputDevice() selected device 0
I/AudioPolicyManager( 2544): setOutputDevice() output 2 device 0x0000 delayMs 40
I/AudioPolicyManager( 2544): setOutputDevice() prevDevice 0x0002
I/AudioPolicyManager( 2544): isStreamActive() stream 3 inPastMs 5000
I/AudioPolicyManager( 2544): setOutputDevice() setting same device 0x0000 or null device for output 2
I/AudioPolicyManager( 2544): isStreamActive() stream 3 inPastMs 5000
I/AudioPolicyManager( 2544): isStreamActive() stream 3 inPastMs 5000
I/MediaPlayerFactory( 2544): filePath /storage/emulated/0/kivy/pub/audio/disco_dancing.wav!
E/MediaPlayerFactory( 2544):  create StagefrightPlayer
E/MediaPlayer( 8731): Should have subtitle controller already set
I/str_params( 2544): key: 'mode' value: ''
I/AwesomePlayer( 2544): [isLowPowerMode] isLowPowerApk[0]
I/AwesomePlayer( 2544): is not Low Power Apk.
I/AwesomePlayer( 2544): create AudioPlayer
W/audio_a2dp_hw( 2544): adev_set_parameters: WARNING: set param called even when stream out is null
I/AudioPolicyManager( 2544): getOutput() stream 3, samplingRate 0, format 0, channelMask 3, flags 0
W/audio_a2dp_hw( 2544): adev_set_parameters: WARNING: set param called even when stream out is null
I/AudioPolicyManager( 2544): getOutput() stream 3, samplingRate 0, format 0, channelMask 3, flags 0
I/AudioPolicyManager( 2544): getOutput() stream 3, samplingRate 44100, format 1, channelMask 3, flags 0
I/AudioPolicyManager( 2544): getOutput() stream 3, samplingRate 0, format 0, channelMask 3, flags 0
I/AudioPolicyManager( 2544): startOutput() output 2, stream 3, session 17
I/AudioPolicyManager( 2544): getNewOutputDevice() selected device 2
I/AudioPolicyManager( 2544): isStreamActive() stream 3 inPastMs 0
I/AudioPolicyManager( 2544): setOutputDevice() output 2 device 0x0002 delayMs 0
I/AudioPolicyManager( 2544): setOutputDevice() prevDevice 0x0002
I/AudioPolicyManager( 2544): isStreamActive() stream 3 inPastMs 5000
I/AudioPolicyManager( 2544): setOutputDevice() setting same device 0x0002 or null device for output 2
I/audio_hw_primary( 2544): check_device_change return 1
I/AudioPolicyManager( 2544): getDeviceForVolume() selected device 0x2
I/AudioPolicyManager( 2544): checkAndSetVolume: index 5 output 2 device 0x2
I/AudioPolicyManager( 2544): getDeviceForVolume() selected device 0x2
I/AudioPolicyManager( 2544): getDeviceForVolume() selected device 0x2
I/AudioPolicyManager( 2544): checkAndSetVolume: index 0 output 2 device 0x2
I/AudioPolicyManager( 2544): getDeviceForVolume() selected device 0x2
I/AudioPolicyManager( 2544): getDeviceForVolume() selected device 0x2
I/AudioPolicyManager( 2544): checkAndSetVolume: index 0 output 2 device 0x2
I/AudioPolicyManager( 2544): getDeviceForVolume() selected device 0x2
I/AudioPolicyManager( 2544): getDeviceForVolume() selected device 0x2
I/AudioPolicyManager( 2544): checkAndSetVolume: index 2 output 2 device 0x2
I/AudioPolicyManager( 2544): getDeviceForVolume() selected device 0x2
I/AudioPolicyManager( 2544): getDeviceForVolume() selected device 0x2
I/AudioPolicyManager( 2544): checkAndSetVolume: index 1 output 2 device 0x2
I/AudioPolicyManager( 2544): getDeviceForVolume() selected device 0x2
I/AudioPolicyManager( 2544): getDeviceForVolume() selected device 0x2
I/AudioPolicyManager( 2544): checkAndSetVolume: index 0 output 2 device 0x2
I/AudioPolicyManager( 2544): getDeviceForVolume() selected device 0x2
I/AudioPolicyManager( 2544): getDeviceForVolume() selected device 0x2
I/AudioPolicyManager( 2544): checkAndSetVolume: index 7 output 2 device 0x2
I/AudioPolicyManager( 2544): getDeviceForVolume() selected device 0x2
I/AudioPolicyManager( 2544): checkAndSetVolume: index 7 output 2 device 0x2
I/AudioPolicyManager( 2544): getDeviceForVolume() selected device 0x2
I/AudioPolicyManager( 2544): getDeviceForVolume() selected device 0x2
I/AudioPolicyManager( 2544): checkAndSetVolume: index 0 output 2 device 0x2
I/AudioPolicyManager( 2544): getDeviceForVolume() selected device 0x2
I/AudioPolicyManager( 2544): getDeviceForVolume() selected device 0x2
I/AudioPolicyManager( 2544): checkAndSetVolume: index 2 output 2 device 0x2
I/AudioPolicyManager( 2544): getDeviceForVolume() selected device 0x2
I/AudioPolicyManager( 2544): getDeviceForVolume() selected device 0x2
I/AudioPolicyManager( 2544): checkAndSetVolume: index 11 output 2 device 0x2
I/AudioPolicyManager( 2544): getDeviceForVolume() selected device 0x2
I/AudioPolicyManager( 2544): checkAndSetVolume: index 2 output 2 device 0x2
I/AudioPolicyManager( 2544): getDeviceForVolume() selected device 0x2
I/AudioPolicyManager( 2544): getDeviceForVolume() selected device 0x2
I/AudioPolicyManager( 2544): isStreamActive() stream 3 inPastMs 5000
I/AudioPolicyManager( 2544): isStreamActive() stream 3 inPastMs 5000
E/HsmCoreServiceImpl( 2912): onTransact in code is: 102
I/MediaProcessHandler( 2912): processOp opType: 0, uid: 10096, pid: 8731
I/PhoneStatusBar( 3200): shouldTranslucent:true
I/ActivityManager( 2912): filter receiver for action = com.android.systemui.recent.action.PRELOAD
I/PhoneStatusBar( 3200): shouldTranslucent:true
I/art     ( 3200): Background partial concurrent mark sweep GC freed 43087(2MB) AllocSpace objects, 15(8MB) LOS objects, 40% free, 21MB/36MB, paused 7.675ms total 134.885ms
I/python  ( 8731): [INFO              ] [Android     ] Must go into sleep mode, check the app
I/python  ( 8731): [INFO              ] [Android     ] App doesn't support pause mode, stop.
I/python  ( 8731): [INFO              ] [Base        ] Leaving application in progress...
I/python  ( 8731): Python for android ended.
I/art     ( 8731): System.exit called, status: 0
I/AndroidRuntime( 8731): VM exiting with result code 0, cleanup skipped.
E/WifiStateMachine( 2912):  ConnectedState !CMD_RSSI_POLL 9 0 "SPARK-47A2ZV" b0:e5:ed:3e:35:d4 rssi=-60 f=2412 sc=100 link=72 tx=82.1, 0.0, 0.0  rx=106.1 bcn=0 [on:0 tx:0 rx:0 period:3003] from screen [on:0 period:-1837803308] gl hn u24 rssi=-55 ag=0 hr ticks 0,0,4 ls-=0 [56,56,60,60,65] brc=0 lrc=0
E/WifiStateMachine( 2912):  L2ConnectedState !CMD_RSSI_POLL 9 0 "SPARK-47A2ZV" b0:e5:ed:3e:35:d4 rssi=-60 f=2412 sc=100 link=72 tx=82.1, 0.0, 0.0  rx=106.1 bcn=0 [on:0 tx:0 rx:0 period:1] from screen [on:0 period:-1837803307] gl hn u24 rssi=-55 ag=0 hr ticks 0,0,4 ls-=0 [56,56,60,60,65] brc=0 lrc=0
W/AudioFlinger( 2544): session id 17 not found for pid 8731
E/WifiStateMachine( 2912): fetchRssiLinkSpeedAndFrequencyNative rssi=-61 linkspeed=72 SSID="SPARK-47A2ZV"
E/WifiStateMachine( 2912): calculateWifiScore freq=2412 speed=72 score=100 highRSSI  -> txbadrate=0.00 txgoodrate=70.07 txretriesrate=0.00 rxrate=93.55 userTriggerdPenalty0
E/WifiStateMachine( 2912):  good link -> stuck count =0
E/WifiStateMachine( 2912):  badRSSI count0 lowRSSI count0 --> score 60
E/WifiStateMachine( 2912):  isHighRSSI       ---> score=65
I/HwSystemManager( 3703): HoldService:uid:10096 pid:8731 died
I/HwSystemManager( 3703): BgPowerManagerService:onProcessDied uid = 10096
I/HwSystemManager( 3703): HoldService:oldVersionKey:10096,8731
E/HsmCoreServiceImpl( 2912): onTransact in code is: 102
I/MediaProcessHandler( 2912): processOp opType: 1, uid: 10096, pid: 8731
I/AudioPolicyManager( 2544): stopOutput() output 2, stream 3, session 17
I/AudioPolicyManager( 2544): getNewOutputDevice() selected device 0
I/AudioPolicyManager( 2544): setOutputDevice() output 2 device 0x0000 delayMs 40
I/AudioPolicyManager( 2544): setOutputDevice() prevDevice 0x0002
I/AudioPolicyManager( 2544): isStreamActive() stream 3 inPastMs 5000
I/AudioPolicyManager( 2544): setOutputDevice() setting same device 0x0000 or null device for output 2
I/AudioPolicyManager( 2544): isStreamActive() stream 3 inPastMs 5000
I/AudioPolicyManager( 2544): isStreamActive() stream 3 inPastMs 5000
E/ZipFileCache( 3200): init failed when open zip file.
E/ZipFileCache( 3200): init failed when open zip file.
E/ZipFileCache( 3200): init failed when open zip file.
E/ZipFileCache( 3200): init failed when open zip file.
E/ZipFileCache( 3200): init failed when open zip file.
I/HwLauncher( 3575): Launcher dismissDialog
E/ZipFileCache( 3200): init failed when open zip file.
I/HwLauncher( 3575): Launcher dismissDialog
W/PGApi_client( 3463): recv actoionId = 10000, action = com.huawei.pgmng.PGAction@c62026f actionId =10000 pkg =com.android.systemui extend1 =33 extend2 = flag =3 type =1
W/PGMiddleWare jhh( 3463): in handleAction method, action = 10000
W/PGMiddleWare jhh( 3463): in handleAction, invoke client = com.huawei.pgmng.middleware.AudioEffectLowPowerImpl@2377816, action = com.huawei.pgmng.PGAction@c62026f actionId =10000 pkg =com.android.systemui extend1 =33 extend2 = flag =3 type =1
I/AudioEffectLowPowerImpl jhh( 3463): jhh handle default mActionId = 10000, action = com.huawei.pgmng.PGAction@c62026f actionId =10000 pkg =com.android.systemui extend1 =33 extend2 = flag =3 type =1
W/AudioEffectLowPowerImpl jhh( 3463): enter into DEFAULT_FRONT Scene.
W/AudioEffectLowPowerImpl jhh( 3463): m2DGameFront = false, m3DGameFront = false, mMediaPerceptible = false, mMusicPerceptible = false
W/AudioEffectLowPowerImpl jhh( 3463): mAudioActive = false, mMusicPerceptible = false
W/AudioEffectLowPowerImpl jhh( 3463): return for smartPAOn and mLowAudioEffectEnable both = false
I/HwAps   ( 3463): APS: enable: false
I/ActivityManager( 2912): Displayed com.android.systemui/.recent.RecentsActivity: +153ms
I/PhoneStatusBar( 3200): hw_status_bar_operators = false, setSystemUIVisibily(SHOW_OPERATOR = false)
I/HwLauncher( 3575): Launcher dismissDialog
W/RecentsPanelView( 3200): Memory text is not valid,can not split to double text 
I/HwSystemManager( 3703): ProcessTrimService:huawei.intent.action.hsm_remove_pkg received, pkg name is org.kivy.pygame
I/HwSystemManager( 3703): ProcessTrimService:begin trim single app
I/HwSystemManager( 3703): ProcessManager:trimApps, before filter pkgList:[org.kivy.pygame]
I/HwSystemManager( 3703): LauncherPredicate:get default launcher is null, set hwlauncher
I/HwSystemManager( 3703): InputMethodStringPredicate:InputMethodStringPredicate :: inputMethods = [com.nuance.swype.emui, com.nuance.swype.input.HuaweiIME, com.android.inputmethod.latin]
I/HwLauncher( 3575): Launcher dismissDialog
W/System.err( 2912): java.lang.NullPointerException: Attempt to invoke virtual method 'int com.huawei.lcagent.client.LogCollectManager.getUserType()' on a null object reference
W/System.err( 2912): 	at huawei.com.android.server.util.ReportTool.getUserType(ReportTool.java:86)
I/HwSystemManager( 3703): MusicPlayingPredicate:doInbackground result: []
W/System.err( 2912): 	at huawei.com.android.server.util.ReportTool.isBetaUser(ReportTool.java:73)
W/System.err( 2912): 	at huawei.com.android.server.util.ReportTool.report(ReportTool.java:58)
I/HwSystemManager( 3703): VisibleWidgetPredicate:item.name:: pkg = com.android.gallery3d
I/HwSystemManager( 3703): VisibleWidgetPredicate:item.name:: pkg = com.android.calendar
W/System.err( 2912): 	at huawei.com.android.server.util.UserBehaviourRecord.appExitRecord(UserBehaviourRecord.java:65)
I/HwSystemManager( 3703): VisibleWidgetPredicate:item.name:: pkg = com.huawei.android.totemweather
W/System.err( 2912): 	at com.android.server.am.ActivityManagerService.cleanUpRemovedTaskLocked(ActivityManagerService.java:9041)
W/System.err( 2912): 	at com.android.server.am.ActivityManagerService.removeTaskByIdLocked(ActivityManagerService.java:9097)
I/HwSystemManager( 3703): VisibleWidgetPredicate:item.name:: pkg = com.android.mediacenter
I/HwSystemManager( 3703): VisibleWidgetPredicate:item.name:: pkg = com.google.android.googlequicksearchbox
W/System.err( 2912): 	at com.android.server.am.ActivityManagerService.removeTask(ActivityManagerService.java:9113)
W/System.err( 2912): 	at android.app.ActivityManagerNative.onTransact(ActivityManagerNative.java:1887)
W/System.err( 2912): 	at com.android.server.am.ActivityManagerService.onTransact(ActivityManagerService.java:2723)
W/System.err( 2912): 	at com.android.server.am.HwActivityManagerService.onTransact(HwActivityManagerService.java:226)
W/System.err( 2912): 	at android.os.Binder.execTransact(Binder.java:446)
E/ReportTools( 2912): This is not beta user build
I/HwSystemManager( 3703): ProcessManager:trimApps, after filter pkgList:[org.kivy.pygame]
I/HwSystemManager( 3703): ProcessManager:forcestopApp begin!! pkgs = [org.kivy.pygame]
I/HwSystemManager( 3703): ProcessManager:forcestopApp : org.kivy.pygame
I/HwSystemManager( 3703): BgPowerManagerService:onProcessDied uid = 10096
I/HwSystemManager( 3703): HoldService:uid:10096 pid:8701 died
I/HwSystemManager( 3703): HoldService:oldVersionKey:10096,8701
E/HsmCoreServiceImpl( 2912): onTransact in code is: 102
I/MediaProcessHandler( 2912): processOp opType: 1, uid: 10096, pid: 8701
W/MediaProcessHandler( 2912): remove target not exist, maybe the UI process: uid: 10096, pid: 8701
I/ActivityManager( 2912): filter receiver for action = android.intent.action.PACKAGE_RESTARTED
I/HwSystemManager( 3703): ProcessManager:forcestopApp end, cost time:118 ,size = 1
I/HwSystemManager( 3703): ProcessTrimService:end trim single app, cost time:127
I/HwLauncher( 3575): Launcher  onWindowVisibilityChanged visibility = 4
I/HwLauncher( 3575): DynamicIcon onWindowVisibilityChanged 4 - com.android.calendar
I/HwLauncher( 3575): DynamicIcon onWindowVisibilityChanged 4 - com.android.deskclock
I/HwLauncher( 3575): Launcher onStart()
I/HwLauncher( 3575): Launcher dynamicIconsRegister
I/HwLauncher( 3575): DynamicUpdater registerReceiver
I/HwSystemManager( 3703): AppLockService:applock password not initial or function is closed
I/HwLauncher( 3575): DynamicUpdater call updateFolder
I/HwLauncher( 3575): DynamicIcon onResume  isvisible = false   mAttachedToWindow:true    mWindowVisible:falsecom.android.calendar
I/HwLauncher( 3575): DynamicUpdater registerReceiver
I/HwLauncher( 3575): DynamicUpdater call updateFolder
I/HwLauncher( 3575): DynamicIcon onResume  isvisible = false   mAttachedToWindow:true    mWindowVisible:falsecom.android.deskclock
I/HwLauncher( 3575): DynamicUpdater registerReceiver
I/HwLauncher( 3575): DynamicUpdater call updateFolder
I/HwLauncher( 3575): DynamicIcon onResume  isvisible = true   mAttachedToWindow:false    mWindowVisible:falsecom.huawei.android.totemweather
I/HwLauncher( 3575): Launcher onResume()
I/HwSystemManager( 3703): AppManager:getNetAppInfoFromDB cursor lenth = 1
I/HwLauncher( 3575): Launcher doResumeWork()
I/HwLauncher( 3575): DynamicIconData , getDrawableForDynamic begin, pkg = com.android.deskclock, picName = deskclock_bg
I/HwLauncher( 3575): Launcher.MotionManager startMotionAppsReco 402
I/HwLauncher( 3575): DynamicIconData , getDrawableForDynamic end, pkg = com.android.deskclock, picName = deskclock_bg
I/HwLauncher( 3575): Launcher  onResume mIsToUninstallApp = false
I/HwLauncher( 3575): DynamicIconData , getDrawableForDynamic begin, pkg = com.android.deskclock, picName = deskclock_bg
I/HwLauncher( 3575): DynamicIconData , getDrawableForDynamic end, pkg = com.android.deskclock, picName = deskclock_bg
I/PG Utils( 3575): acquire_providerpkg:[com.huawei.motionservice] pid:[]  maybe timeout , send to PG
I/HwLauncher( 3575): DynamicIcon onVisibilityChanged 0 - com.android.calendar
I/HwLauncher( 3575): DynamicIcon onVisibilityChanged 0 - com.android.deskclock
I/HwLauncher( 3575): Launcher.Utilities createIconBitmap classname = null, sourceWidth = 114, sourceHeight = 114
I/HwLauncher( 3575): Launcher  onWindowVisibilityChanged visibility = 0
I/HwLauncher( 3575): DynamicIcon onWindowVisibilityChanged 0 - com.android.calendar
I/HwLauncher( 3575): DynamicIcon onWindowVisibilityChanged 0 - com.android.deskclock
I/HwLauncher( 3575): ClockDynamicUpdater clock update folder at ClockDynamicUpdater
I/HwLauncher( 3575): DynamicUpdater updateBitmap end and send update message
I/HwLauncher( 3575): WeatherDynamicUpdaterpositiveUpdate at WeatherDynamicUpdater
I/HwLauncher( 3575): Launcher dismissDialog
I/HwLauncher( 3575): DynamicUpdater call updateFolder
I/PhoneStatusBar( 3200): hw_status_bar_operators = false, setSystemUIVisibily(SHOW_OPERATOR = false)
W/MotionDetectionManager( 3575): startMotionAppsReco motionApps: 402 disabled
W/HwLauncher( 3575): Launcher.MotionManager startMotionAppsReco service flg 402 is unavailable
I/ActivityManager( 2912): filter receiver for action = com.huawei.android.action.AUTO_UPDATE_MYLOCATION
I/HwLauncher( 3575): WeatherDynamicUpdaterreceive action = com.huawei.android.action.launcher_weather_icon_change
I/HwLauncher( 3575): WeatherDynamicUpdaterreceiver data is int[] = [0, 0, 33, 8, 68, 8, 103, 8]
I/HwLauncher( 3575):  stringArray[] [cloudy, num2, num4, tempc]
W/PGApi_client( 3463): recv actoionId = 10010, action = com.huawei.pgmng.PGAction@33530b7c actionId =10010 pkg =com.huawei.android.launcher extend1 =35 extend2 = flag =3 type =1
W/PGMiddleWare jhh( 3463): in handleAction method, action = 10010
W/PGMiddleWare jhh( 3463): in handleAction, invoke client = com.huawei.pgmng.middleware.AudioEffectLowPowerImpl@2377816, action = com.huawei.pgmng.PGAction@33530b7c actionId =10010 pkg =com.huawei.android.launcher extend1 =35 extend2 = flag =3 type =1
I/AudioEffectLowPowerImpl jhh( 3463): jhh handle default mActionId = 10010, action = com.huawei.pgmng.PGAction@33530b7c actionId =10010 pkg =com.huawei.android.launcher extend1 =35 extend2 = flag =3 type =1
W/AudioEffectLowPowerImpl jhh( 3463): enter into the safetyguard Scene.
W/AudioEffectLowPowerImpl jhh( 3463): m2DGameFront = false, m3DGameFront = false, mMediaPerceptible = false, mMusicPerceptible = false
W/AudioEffectLowPowerImpl jhh( 3463): mAudioActive = false, mMusicPerceptible = false
W/AudioEffectLowPowerImpl jhh( 3463): return for smartPAOn and mLowAudioEffectEnable both = false
I/PhoneStatusBar( 3200): shouldTranslucent:true
I/PhoneStatusBar( 3200): hw_status_bar_operators = false, setSystemUIVisibily(SHOW_OPERATOR = false)
E/ZipFileCache( 3575): init failed when open zip file.
I/HwLauncher( 3575): Launcher dismissDialog
I/OAM     ( 2713): [check_file_size:402]/data/hwlogdir/wifi_log/wifi_log_1 log file beyond size=10240Byte, creat new file
I/OAM     ( 2713): [rename_old_file:107]rename_old_file
I/OAM     ( 2713): 
I/KeyguardFingerprint.Validation( 3053): start
I/HwLauncher( 3575): Launcher onPause()
I/HwLauncher( 3575): Launcher.MotionManager stopMotionAppsReco 402
I/HwLauncher( 3575): Launcher.MotionManager stopMotionAppsReco 403
W/HwLauncher( 3575): Launcher.MotionManager stopMotionAppsReco service flg 402 is unavailable
E/AuthenticationManager( 3053): AuthenticationManager open failed: the AuthenticationService is null
W/KeyguardFingerprint.Utils( 3053): AuthenticationManager open return null
I/KeyguardFingerprint.Validation( 3053): Fingerprint unlock is not enabled
I/KeyguardViewMediator( 3053): fingerprint validation not started
W/HwLauncher( 3575): Launcher.MotionManager stopMotionAppsReco service flg 403 is unavailable
I/KeyguardFingerprint.Validation( 3053): start
E/AuthenticationManager( 3053): AuthenticationManager open failed: the AuthenticationService is null
W/KeyguardFingerprint.Utils( 3053): AuthenticationManager open return null
I/KeyguardFingerprint.Validation( 3053): Fingerprint unlock is not enabled
I/KeyguardViewMediator( 3053): fingerprint validation not started
I/KeyguardViewManager( 3053):     wallpaper = android.graphics.drawable.BitmapDrawable@22fd27d5, mIsWallpaperClamp = true
I/KeyguardViewManager( 3053): updateShowWallpaper = false
E/KeyguardHostView( 3053): KeyguardHostView()
I/HwLauncher( 3575): Launcher onStop()
I/HwLauncher( 3575): Launcher dismissDialog
I/HwLauncher( 3575): Launcher dynamicIconsUnregister
I/HwLauncher( 3575): DynamicUpdater unregisterReceiver
I/HwLauncher( 3575): DynamicIcon onPause  isvisible = true   mAttachedToWindow:true    mWindowVisible:truecom.android.calendar
I/HwLauncher( 3575): DynamicUpdater unregisterReceiver
E/ZipFileCache( 3053): init failed when open zip file.
I/HwLauncher( 3575): DynamicIcon onPause  isvisible = true   mAttachedToWindow:true    mWindowVisible:truecom.android.deskclock
I/HwLauncher( 3575): DynamicUpdater unregisterReceiver
I/HwLauncher( 3575): DynamicIcon onPause  isvisible = true   mAttachedToWindow:false    mWindowVisible:falsecom.huawei.android.totemweather
E/WifiStateMachine( 2912):  ConnectedState !CMD_SCREEN_STATE_CHANGED 0 0
W/OpenGLRenderer( 3575): Incorrectly called buildLayer on View: ShortcutAndWidgetContainer, destroying layer...
W/OpenGLRenderer( 3575): Incorrectly called buildLayer on View: ShortcutAndWidgetContainer, destroying layer...
E/WifiStateMachine( 2912):  L2ConnectedState !CMD_SCREEN_STATE_CHANGED 0 0
E/WifiStateMachine( 2912):  ConnectModeState !CMD_SCREEN_STATE_CHANGED 0 0
E/WifiStateMachine( 2912):  DriverStartedState !CMD_SCREEN_STATE_CHANGED 0 0
E/WifiStateMachine( 2912):  SupplicantStartedState !CMD_SCREEN_STATE_CHANGED 0 0
E/WifiStateMachine( 2912):  DefaultState !CMD_SCREEN_STATE_CHANGED 0 0
E/WifiStateMachine( 2912):  handleScreenStateChanged Enter: screenOn=false mCurrentScanAlarmMs = 20000 mUserWantsSuspendOpt=true state ConnectedState suppState:CompletedState
E/ZipFileCache( 3053): init failed when open zip file.
E/WifiStateMachine( 2912): setScanAlarm false period 20000 initial delay 0
W/HwScreenOnProximityLock( 2912): releaseLock: return because sensor listener is held = false
E/AbsClockView( 3053): In setFactory...
E/HwClockView( 3053): In HwClockView...
W/audio_a2dp_hw( 2544): adev_set_parameters: WARNING: set param called even when stream out is null
E/WifiStateMachine( 2912):  ConnectedState CMD_ENABLE_RSSI_POLL 0 0
E/WifiStateMachine( 2912):  L2ConnectedState CMD_ENABLE_RSSI_POLL 0 0
E/WifiStateMachine( 2912):  ConnectedState CMD_SET_SUSPEND_OPT_ENABLED 1 0
E/WifiStateMachine( 2912):  L2ConnectedState CMD_SET_SUSPEND_OPT_ENABLED 1 0
E/WifiStateMachine( 2912):  ConnectModeState CMD_SET_SUSPEND_OPT_ENABLED 1 0
E/WifiStateMachine( 2912):  DriverStartedState CMD_SET_SUSPEND_OPT_ENABLED 1 0
E/native  ( 2912): do suspend true
E/ZipFileCache( 3053): init failed when open zip file.
E/ZipFileCache( 3053): init failed when open zip file.
E/WifiStateMachine( 2912):  ConnectedState CMD_START_SCAN -1 -1 ic=10 proc(ms):7 dur:281 rssi=-61 f=2412 sc=100 link=72 tx=0.0, 0.0, 0.0  rx=0.0 fiv=30000 [on:0 tx:0 rx:0 period:2217] from screen [on:0 period:-1837801087]
E/WifiStateMachine( 2912):  L2ConnectedState CMD_START_SCAN -1 -1 ic=10 proc(ms):8 dur:281 rssi=-61 f=2412 sc=100 link=72 tx=0.0, 0.0, 0.0  rx=0.0 fiv=30000 [on:0 tx:0 rx:0 period:1] from screen [on:0 period:-1837801086]
E/WifiStateMachine( 2912): WifiStateMachine CMD_START_SCAN source -1 txSuccessRate=0.00 rxSuccessRate=0.00 targetRoamBSSID=b0:e5:ed:3e:35:d4 RSSI=-61
I/wpa_supplicant( 3052): set current WIFI status to BT!
I/wpa_supplicant( 3052): wlan0: CTRL-EVENT-SCAN-STARTED 
E/WifiMonitor( 2912): WifiMonitor:wlan0 cnt=76 dispatchEvent: CTRL-EVENT-SCAN-STARTED 
E/WifiMonitor( 2912): handleEvent 14  CTRL-EVENT-SCAN-STARTED 
E/WifiMonitor( 2912): handleEvent unknown: 14  CTRL-EVENT-SCAN-STARTED 
E/WifiStateMachine( 2912): [1,548,645,392,772 ms] noteScanstart no scan source
W/Settings( 3053): Setting airplane_mode_on has moved from android.provider.Settings.System to android.provider.Settings.Global, returning read-only value.
E/ZipFileCache( 3053): init failed when open zip file.
E/ZipFileCache( 3053): init failed when open zip file.
E/ZipFileCache( 3053): init failed when open zip file.
E/ZipFileCache( 3053): init failed when open zip file.
E/ZipFileCache( 3053): init failed when open zip file.
E/ZipFileCache( 3053): init failed when open zip file.
E/ZipFileCache( 3053): init failed when open zip file.
I/TimeManager( 3200): receiver action = android.intent.action.SCREEN_OFF
I/TimeManager( 3200): hand message 3
I/HwLauncher( 3575): Launcher receiver screen off broadcast sendmessage true
E/ZipFileCache( 3053): init failed when open zip file.
I/HwSystemManager( 3703): BgPowerManagerService:MSG_SCREEN_OFF Received and mScreenOffTime :1548645392802 mScreenOffBatterylevel :113
I/HwSystemManager( 3703): AppLockService:BroadcastReceiver, intent is null or applock function is closed!
E/ZipFileCache( 3053): init failed when open zip file.
E/ZipFileCache( 3053): init failed when open zip file.
E/ZipFileCache( 3053): init failed when open zip file.
E/ZipFileCache( 3053): init failed when open zip file.
E/ZipFileCache( 3053): init failed when open zip file.
E/ZipFileCache( 3053): init failed when open zip file.
E/ZipFileCache( 3053): init failed when open zip file.
E/ZipFileCache( 3053): init failed when open zip file.
E/ZipFileCache( 3053): init failed when open zip file.
E/ZipFileCache( 3053): init failed when open zip file.
E/ZipFileCache( 3053): init failed when open zip file.
E/ZipFileCache( 3053): init failed when open zip file.
E/ZipFileCache( 3053): init failed when open zip file.
W/ChimeraUtils( 4263): Non Chimera context
I/HwSystemManager( 3703): MemCPUMonitor:MemCPUMonitor : STOP_MONITOR_MESSAGE.
I/DiscoveryManager( 4263): Filter criteria(null) scannerFlags(0)
E/ZipFileCache( 3053): init failed when open zip file.
E/AbsClockView( 3053): In setFactory...
E/HwClockView( 3053): In HwClockView...
E/WifiStateMachine( 2912):  ConnectedState CMD_START_PACKET_FILTERING 0 0
E/WifiStateMachine( 2912):  L2ConnectedState CMD_START_PACKET_FILTERING 0 0
E/WifiStateMachine( 2912):  ConnectModeState CMD_START_PACKET_FILTERING 0 0
E/WifiStateMachine( 2912):  DriverStartedState CMD_START_PACKET_FILTERING 0 0
E/ZipFileCache( 3053): init failed when open zip file.
E/ZipFileCache( 3053): init failed when open zip file.
E/ZipFileCache( 3053): init failed when open zip file.
I/HwLockScreenImpl( 3053): HwLockScreenImpl construct
I/LockScreenCallbackImpl( 3053): LockScreenCallbackImpl init
I/LockScreenCallbackImpl( 3053): initDoubleCard .. mIsMultiSimEnabled :false
I/HwLockScreenImpl( 3053): init
I/HwLockScreenImpl( 3053): loadMagazine
E/ZipFileCache( 3053): init failed when open zip file.
E/AbsClockView( 3053): In setFactory...
E/HwClockView( 3053): In HwClockView...
E/ZipFileCache( 3053): init failed when open zip file.
E/ZipFileCache( 3053): init failed when open zip file.
E/ZipFileCache( 3053): init failed when open zip file.
E/ZipFileCache( 3053): init failed when open zip file.
E/ZipFileCache( 3053): init failed when open zip file.
E/ZipFileCache( 3053): init failed when open zip file.
E/ZipFileCache( 3053): init failed when open zip file.
E/ZipFileCache( 3053): init failed when open zip file.
E/ZipFileCache( 3053): init failed when open zip file.
E/ZipFileCache( 3053): init failed when open zip file.
E/ZipFileCache( 3053): init failed when open zip file.
E/ZipFileCache( 3053): init failed when open zip file.
E/ZipFileCache( 3053): init failed when open zip file.
E/ZipFileCache( 3053): init failed when open zip file.
E/ZipFileCache( 3053): init failed when open zip file.
E/ZipFileCache( 3053): init failed when open zip file.
E/ZipFileCache( 3053): init failed when open zip file.
E/AbsClockView( 3053): In setFactory...
E/HwClockView( 3053): In HwClockView...
E/ZipFileCache( 3053): init failed when open zip file.
E/ZipFileCache( 3053): init failed when open zip file.
W/Settings( 3053): Setting airplane_mode_on has moved from android.provider.Settings.System to android.provider.Settings.Global, returning read-only value.
E/ZipFileCache( 3053): init failed when open zip file.
E/ZipFileCache( 3053): init failed when open zip file.
E/ZipFileCache( 3053): init failed when open zip file.
E/ZipFileCache( 3053): init failed when open zip file.
E/ZipFileCache( 3053): init failed when open zip file.
E/ZipFileCache( 3053): init failed when open zip file.
E/ZipFileCache( 3053): init failed when open zip file.
E/ZipFileCache( 3053): init failed when open zip file.
I/HwLockScreenImpl( 3053): keyguard transparent = true
I/HwLockScreenImpl( 3053): onResume: 2
I/LockScreenCallbackImpl( 3053): refreshLockScreenInfo
I/LockScreenCallbackImpl( 3053): getSimState
I/LockScreenCallbackImpl( 3053): traverseCardStatus : mUpdateMonitor.getSimState(0)=READY
I/LockScreenCallbackImpl( 3053): getCurrentStatus simState=READY
I/HwLockScreenImpl( 3053): onAttachedToWindow
I/HwLockScreenImpl( 3053): setLayoutHeight hide widget
E/ZipFileCache( 3053): init failed when open zip file.
E/ZipFileCache( 3053): init failed when open zip file.
I/LockScreenCallbackImpl( 3053): onTimeChanged
I/LockScreenCallbackImpl( 3053): onRefreshCarrierInfo  plmn = nullspn=2degrees
I/LockScreenCallbackImpl( 3053): .single card.onRefreshCarrierInfo..: 2degrees
I/LockScreenCallbackImpl( 3053): onSimStateChanged single simState=READY
I/LockScreenCallbackImpl( 3053): getCurrentStatus simState=READY
I/LockScreenCallbackImpl( 3053): single card.onSimStateChanged..2degrees
E/ZipFileCache( 3053): init failed when open zip file.
I/WallpaperUtils( 3053): theme wallpaper=null
I/WallpaperUtils( 3053): get wallpaper from WallpaperManager
I/WallpaperUtils( 3053): view size=720x1280
I/WallpaperUtils( 3053): isWallpaperClamp=true
I/KeyguardUpdateMonitor( 3053): keyguard blur, dispatch set blur background : bitmap = android.graphics.Bitmap@2020f20
I/HwMusicManager( 3053): registerMusicObserver context=com.android.keyguard.KeyguardService@168514fd
I/HwMusic ( 3053): beginObserver mMediaController=null
W/HwMusic ( 3053): findCurrentMediaPlayPackage sessions size is 0
E/ZipFileCache( 3053): init failed when open zip file.
