I/KeyguardUpdateMonitor( 3053): keyguard blur, dispatch set blur background : bitmap = android.graphics.Bitmap@2020f20
I/PG Utils( 3053): acquire_providerpkg:[com.android.providers.media] pid:[]  maybe timeout , send to PG
I/HwUpdateMonitor( 3053): registerCallback com.android.huawei.hwlockscreen.HwLockScreenWeatherView$2@3834597f, callback size = 0
W/HwLockScreenWeatherView( 3053): onWeatherChange : weatherInfo is null
E/WeatherMonitor( 3053): getDispalyWeatherInfo : mWeatherDayInfo is null 
W/HwLockScreenWeatherView( 3053): onWeatherChange : displayInfo is null!
I/HwUpdateMonitor( 3053): registerMonitor
I/wpa_supplicant( 3052): set current WIFI status to BT!
E/WifiMonitor( 2912): WifiMonitor:wlan0 cnt=77 dispatchEvent: CTRL-EVENT-BSS-REMOVED 12 18:f1:45:a0:24:1f
E/WifiMonitor( 2912): handleEvent 13  CTRL-EVENT-BSS-REMOVED 12 18:f1:45:a0:24:1f
E/WifiMonitor( 2912): WifiMonitor:wlan0 cnt=78 dispatchEvent: CTRL-EVENT-BSS-REMOVED 10 94:10:3e:bf:7f:aa
E/WifiMonitor( 2912): handleEvent 13  CTRL-EVENT-BSS-REMOVED 10 94:10:3e:bf:7f:aa
E/WifiMonitor( 2912): WifiMonitor:wlan0 cnt=79 dispatchEvent: CTRL-EVENT-SCAN-RESULTS 
E/WifiMonitor( 2912): handleEvent 4  CTRL-EVENT-SCAN-RESULTS 
E/WifiStateMachine( 2912):  ConnectedState SCAN_RESULTS_EVENT 0 0 found=8 known=2 got=8 bcn=0
E/WifiStateMachine( 2912):  L2ConnectedState SCAN_RESULTS_EVENT 0 0 found=8 known=2 got=8 bcn=0
E/WifiStateMachine( 2912):  ConnectModeState SCAN_RESULTS_EVENT 0 0 found=8 known=2 got=8 bcn=0
E/WifiStateMachine( 2912):  DriverStartedState SCAN_RESULTS_EVENT 0 0 found=8 known=2 got=8 bcn=0
E/WifiStateMachine( 2912):  SupplicantStartedState SCAN_RESULTS_EVENT 0 0 found=8 known=2 got=8 bcn=0
E/WifiStateMachine( 2912): [1,548,645,393,052 ms] noteScanEnd no scan source
I/PG Utils( 3053): acquire_providerpkg:[com.huawei.android.totemweather] pid:[]  maybe timeout , send to PG
E/WifiStateMachine( 2912): wifi setScanResults statecom.android.server.wifi.WifiStateMachine$ConnectedState@f6fd0d9 sup_state=COMPLETED debouncing=false
E/WifiAutoJoinController ( 2912): SPARK-47A2ZV b0:e5:ed:3e:35:d4 rssi=-67 cap [WPA-PSK-CCMP+TKIP][WPA2-PSK-CCMP+TKIP][WPS][ESS] is not scored
E/WifiAutoJoinController ( 2912): LotsOfHugs2.4G c8:94:bb:63:bd:84 rssi=-65 cap [WPA-PSK-CCMP+TKIP][WPA2-PSK-CCMP+TKIP][WPS][ESS] is not scored
E/WifiAutoJoinController ( 2912): vodafone711BFB a4:91:b1:71:1b:fc rssi=-77 cap [WPA2-PSK-CCMP][WPS][ESS] is not scored
E/WifiAutoJoinController ( 2912): SPARK-47A2ZV_EXT 78:d2:94:a0:8a:94 rssi=-52 cap [WPA-PSK-CCMP+TKIP][WPA2-PSK-CCMP+TKIP][WPS][ESS] is not scored
E/WifiAutoJoinController ( 2912): Kaddy_Shack_2.4GHz f0:43:47:a9:00:38 rssi=-87 cap [WPA-PSK-CCMP+TKIP][WPA2-PSK-CCMP+TKIP][WPS][ESS] is not scored
E/WifiAutoJoinController ( 2912): SPARK-PE9NDW bc:75:74:85:ef:a4 rssi=-87 cap [WPA-PSK-CCMP+TKIP][WPA2-PSK-CCMP+TKIP][WPS][ESS] is not scored
E/WifiAutoJoinController ( 2912): ageScanResultsOut delay 40000 size 8 now 1548645393057
E/WifiAutoJoinController ( 2912): newSupplicantResults size=8 known=2 true
E/WifiAutoJoinController ( 2912): attemptAutoJoin() status=bssid=b0:e5:ed:3e:35:d4
E/WifiAutoJoinController ( 2912): ssid=SPARK-47A2ZV
E/WifiAutoJoinController ( 2912): id=7
E/WifiAutoJoinController ( 2912): mode=station
E/WifiAutoJoinController ( 2912): pairwise_cipher=CCMP
E/WifiAutoJoinController ( 2912): group_cipher=TKIP
E/WifiAutoJoinController ( 2912): key_mgmt=WPA2-PSK
E/WifiAutoJoinController ( 2912): wpa_state=COMPLETED
E/WifiAutoJoinController ( 2912): ip_address=192.168.1.70
E/WifiAutoJoinController ( 2912): p2p_device_address=48:3c:0c:62:aa:c2
E/WifiAutoJoinController ( 2912): address=48:3c:0c:62:aa:c2
E/WifiAutoJoinController ( 2912): uuid=5f16eaa6-edc0-5104-a9d9-ed5af9dc4164 split=12
E/WifiAutoJoinController ( 2912): attemptAutoJoin() num recent config 1 current="SPARK-47A2ZV"WPA_PSK ---> suppNetId=7
E/WifiAutoJoinController ( 2912): attemptAutoJoin good candidate seen, bumped hard -> status=0 "SPARK-47A2ZV"WPA_PSK rssi=(-67,-127) num=(1,0)
E/WifiAutoJoinController ( 2912): attemptAutoJoin skip current candidate  7 key "SPARK-47A2ZV"WPA_PSK
E/WifiAutoJoinController ( 2912): look up all configurations network done, candidate = null
E/WifiAutoJoinController ( 2912): attemptRoam() BSSID is set b0:e5:ed:3e:35:d4 -> bail
E/WifiAutoJoinController ( 2912): Done attemptAutoJoin status=0
I/ActivityManager( 2912): filter receiver for action = android.net.wifi.SCAN_RESULTS
I/System.out( 3543): BitString length 17
I/System.out( 3543): MAC Addressb0:e5:ed:3e:35:d4
I/System.out( 3543): BitString length 17
I/System.out( 3543): MAC Addressc8:94:bb:63:bd:84
I/System.out( 3543): BitString length 17
I/System.out( 3543): MAC Addressa4:91:b1:71:1b:fc
I/System.out( 3543): BitString length 17
I/System.out( 3543): MAC Address78:d2:94:a0:8a:94
I/System.out( 3543): BitString length 17
I/System.out( 3543): MAC Addressf0:43:47:a9:00:38
I/System.out( 3543): BitString length 17
I/System.out( 3543): MAC Addressbc:75:74:85:ef:a4
W/Settings( 3053): Setting airplane_mode_on has moved from android.provider.Settings.System to android.provider.Settings.Global, returning read-only value.
W/Settings( 3053): Setting airplane_mode_on has moved from android.provider.Settings.System to android.provider.Settings.Global, returning read-only value.
I/SUPL20_LocMan( 3543): Phone type:GSM
W/Settings( 3053): Setting airplane_mode_on has moved from android.provider.Settings.System to android.provider.Settings.Global, returning read-only value.
I/SUPL20_LocMan( 3543): Network Op Mnc= 24 MCC = 530
I/SUPL20_LocMan( 3543):  cellInfo NetworkType:NOT RETERIVE,21
I/SUPL20_SPIMESLP-SENDING( 3543): m_bPacket.length 489
I/SUPL20_SPIMESLP-SENDING( 3543): bBrokenPipe = false
W/Settings( 3053): Setting airplane_mode_on has moved from android.provider.Settings.System to android.provider.Settings.Global, returning read-only value.
W/Settings( 3053): Setting airplane_mode_on has moved from android.provider.Settings.System to android.provider.Settings.Global, returning read-only value.
W/Settings( 3053): Setting airplane_mode_on has moved from android.provider.Settings.System to android.provider.Settings.Global, returning read-only value.
I/CameraLayout( 3053): onAttachedToWindow 
I/UnderLayer( 3053): UnderLayer view
I/HwNotification( 3053): mNotificationListener registerNotification
I/MagazineUtils( 3053): is magazine unlock on, lockStyle = magazine
I/MonteGrayView( 3053): keyguard blur, on set blur background : bitmap = android.graphics.Bitmap@2020f20, visibility = 0, mDrawableBlur = android.graphics.drawable.BitmapDrawable@3b2c517c
I/HwLauncher( 3575): Launcher dismissDialog
W/MonitorImpl( 3053): onPostExecute query database fail: com.android.huawei.hwlockscreen.monitor.WeatherMonitor@2e3ccce8
I/KeyguardFingerprint.Validation( 3053): hasWindowFocus:true
I/KeyguardFingerprint.Validation( 3053): start
E/AuthenticationManager( 3053): AuthenticationManager open failed: the AuthenticationService is null
W/KeyguardFingerprint.Utils( 3053): AuthenticationManager open return null
I/KeyguardFingerprint.Validation( 3053): Fingerprint unlock is not enabled
I/PhoneStatusBar( 3200): shouldTranslucent:true
I/PhoneStatusBar( 3200): hw_status_bar_operators = false, setSystemUIVisibily(SHOW_OPERATOR = true)
W/View    ( 3200): requestLayout() improperly called by com.android.systemui.statusbar.phone.IconMerger{10ddce25 V.E..... ......I. 0,0-108,50 #7f0d0086 app:id/notificationIcons} during layout: running second layout pass
W/View    ( 3200): requestLayout() improperly called by com.android.systemui.statusbar.phone.IconMerger{10ddce25 V.E..... ......I. 0,0-108,50 #7f0d0086 app:id/notificationIcons} during second layout pass: posting in next frame
W/RecentsPanelView( 3200): Memory text is not valid,can not split to double text 
I/audio_hw_primary( 2544): do_out_standby standby: 0, out_device: 2
E/WifiStateMachine( 2912):  ConnectedState CMD_RSSI_POLL 9 0 "SPARK-47A2ZV" b0:e5:ed:3e:35:d4 rssi=-61 f=2412 sc=100 link=72 tx=0.0, 0.0, 0.0  rx=0.0 bcn=0 [on:0 tx:0 rx:0 period:782] from screen [on:0 period:-1837800302] gl hn u24 rssi=-56 ag=0 hr ticks 0,0,4 ls-=0 [56,56,60,60,65] brc=0 lrc=0
E/WifiStateMachine( 2912):  L2ConnectedState CMD_RSSI_POLL 9 0 "SPARK-47A2ZV" b0:e5:ed:3e:35:d4 rssi=-61 f=2412 sc=100 link=72 tx=0.0, 0.0, 0.0  rx=0.0 bcn=0 [on:0 tx:0 rx:0 period:2] from screen [on:0 period:-1837800300] gl hn u24 rssi=-56 ag=0 hr ticks 0,0,4 ls-=0 [56,56,60,60,65] brc=0 lrc=0
I/audio_hw_primary( 2544): output_device_id is 0, output_route is null;input_source_id is 0, input_route is null.
I/TFA9895_SPK( 2544): tfa9895 spk power off!
I/dsp_common( 2544): dsp_common_control_algo:set device = 0
I/dsp_common( 2544): dsp_common_control_algo:set device = 0
I/wpa_supplicant( 3052): wlan0: HEART-BEAT-ACK: 24
E/WifiMonitor( 2912): WifiMonitor:wlan0 cnt=80 dispatchEvent: HEART-BEAT-ACK: 24
E/WifiStateMachine( 2912):  ConnectedState what:147506 0 0
E/WifiStateMachine( 2912):  L2ConnectedState what:147506 0 0
E/WifiStateMachine( 2912):  ConnectModeState what:147506 0 0
E/WifiStateMachine( 2912):  DriverStartedState what:147506 0 0
E/WifiStateMachine( 2912):  SupplicantStartedState what:147506 0 0
I/MQoS    ( 2912): onSignal: mSubId=0,currDataSubID=0
I/MQoS    ( 2912): received cell-signal:5
I/HwSystemManager( 3703): BgPowerManagerService:onProcessDied uid = 10055
I/HwSystemManager( 3703): HoldService:uid:10055 pid:8602 died
I/HwSystemManager( 3703): HoldService:oldVersionKey:10055,8602
E/HsmCoreServiceImpl( 2912): onTransact in code is: 102
I/MediaProcessHandler( 2912): processOp opType: 1, uid: 10055, pid: 8602
W/MediaProcessHandler( 2912): remove target not exist, maybe the UI process: uid: 10055, pid: 8602
I/ActivityManager( 2912): filter receiver for action = android.intent.action.PACKAGE_RESTARTED
I/AppsCleanUp( 3463): Clean Apps Num:1, clean type is 1
W/AlarmAdapter( 3463): NoSuchMethod: setAlarmsPending 
I/AlarmRestrict( 3463): [pending] net alarms
I/Finsky  ( 6374): [83] com.google.android.finsky.bo.an.run(6): Stats for Executor: Db-scheduler_logging_store.db com.google.android.finsky.bo.ao@274dd056[Running, pool size = 0, active threads = 0, queued tasks = 0, completed tasks = 0]
I/HwSystemManager( 3703): BgPowerManagerService:BgPowerManagerSerivce plugged =2 currentThreshold = 0 mRawLevel = 4mLastRawLevel4
I/HwSystemManager( 3703): BgPowerManagerService: mTimes = 31013 firstTime = 374928 firstmBatteryCapacity =113
I/HwSystemManager( 3703): PowerManagementModel:setAlarmsPending appList = []###pending = true
W/SyncManager( 2912): SyncManager manageSyncAlarmLocked SET_WAKE_ALARM
E/Thermal-daemon( 2346): [charger_ic] temp_new :37  temp_old :38
E/Thermal-daemon( 2346): Report temperature: [charger_ic] temp :37  report_threshold:1
E/CheckinRequestProcessor( 4263): RetryTaskTag : Checkin failed: https://android.clients.google.com/checkin (fragment #0): java.net.UnknownHostException: Unable to resolve host "android.clients.google.com": No address associated with hostname
I/ActivityManager( 2912): filter receiver for action = com.google.android.checkin.CHECKIN_COMPLETE
I/Finsky  ( 6374): [1] com.google.android.finsky.scheduler.FirebaseJobDispatcherEngine$FirebaseJobDispatcherService.a(9): onFirebaseJobDispatcherWakeup
I/WVCdm   ( 2544): CdmEngine::OpenSession
I/WVCdm   ( 2544): Level3 Library Sep 25 2014 17:10:03
W/WVCdm   ( 2544): Could not read /data/mediadrm/IDM1013/ay64.dat2: No such file or directory
I/Finsky  ( 6374): [1] com.google.android.finsky.scheduler.ad.a(41): Scheduling fallback in 43199988 (absolute: 43616971)
W/WVCdm   ( 2544): Could not load liboemcrypto.so. Falling Back to L3.  dlopen failed: library "liboemcrypto.so" not found
I/Finsky  ( 6374): [1] com.google.android.finsky.scheduler.ad.a(41): Scheduling fallback in 64799977 (absolute: 65216983)
I/Finsky  ( 6374): [1] com.google.android.finsky.scheduler.ag.a(211): Will halt after 600000
I/WVCdm   ( 2544): CdmEngine::QueryKeyControlInfo
W/WVCdm   ( 2544): BufferReader::Read<T> : Failure during parse: Not enough bytes (4)
W/WVCdm   ( 2544): CdmEngine::ExtractWidevinePssh: Unable to read PSSH atom size
I/WVCdm   ( 2544): CdmEngine::GenerateKeyRequest
E/Thermal-daemon( 2346): [ap] temp_new :36  temp_old :37
E/Thermal-daemon( 2346): Report temperature: [ap] temp :36  report_threshold:1
I/wpa_supplicant( 3052): wlan0: HEART-BEAT-ACK: 25
E/WifiMonitor( 2912): WifiMonitor:wlan0 cnt=81 dispatchEvent: HEART-BEAT-ACK: 25
E/WifiStateMachine( 2912):  ConnectedState what:147506 0 0
E/WifiStateMachine( 2912):  L2ConnectedState what:147506 0 0
E/WifiStateMachine( 2912):  ConnectModeState what:147506 0 0
E/WifiStateMachine( 2912):  DriverStartedState what:147506 0 0
E/WifiStateMachine( 2912):  SupplicantStartedState what:147506 0 0
I/WVCdm   ( 2544): CdmEngine::CloseSession
I/WVCdm   ( 2544): L3 Terminate.
I/Finsky  ( 6374): [83] com.google.android.finsky.bo.an.run(6): Stats for Executor: BlockingExecutor com.google.android.finsky.bo.ao@fa73fc9[Running, pool size = 1, active threads = 1, queued tasks = 0, completed tasks = 9]
I/Finsky  ( 6374): [83] com.google.android.finsky.bo.an.run(6): Stats for Executor: LightweightExecutor com.google.android.finsky.bo.ao@3e1b96ce[Running, pool size = 4, active threads = 0, queued tasks = 0, completed tasks = 56]
I/Finsky  ( 6374): [83] com.google.android.finsky.bo.an.run(6): Stats for Executor: bgExecutor com.google.android.finsky.bo.ao@b0629ef[Running, pool size = 4, active threads = 0, queued tasks = 0, completed tasks = 12]
I/Finsky  ( 6374): [83] com.google.android.finsky.bo.an.run(6): Stats for Executor: SimChangeExecutor com.google.android.finsky.bo.ao@3040dcfc[Running, pool size = 0, active threads = 0, queued tasks = 0, completed tasks = 4]
E/WifiStateMachine( 2912):  ConnectedState what:131272 4 0
E/WifiStateMachine( 2912):  L2ConnectedState what:131272 4 0
E/WifiStateMachine( 2912):  ConnectModeState what:131272 4 0
E/WifiStateMachine( 2912):  DriverStartedState what:131272 4 0
E/WifiStateMachine( 2912):  SupplicantStartedState what:131272 4 0
E/WifiStateMachine( 2912):  DefaultState what:131272 4 0
E/WifiStateMachine( 2912): Error! unhandled message{ when=-15ms what=131272 arg1=4 target=com.android.internal.util.StateMachine$SmHandler }
I/Finsky  ( 6374): [83] com.google.android.finsky.bo.an.run(6): Stats for Executor: Db-split_install_service com.google.android.finsky.bo.ao@35db0f85[Running, pool size = 0, active threads = 0, queued tasks = 0, completed tasks = 1]
I/Finsky  ( 6374): [83] com.google.android.finsky.bo.an.run(6): Stats for Executor: SplitInstallBackgroundThread com.google.android.finsky.bo.ao@32de51da[Running, pool size = 0, active threads = 0, queued tasks = 0, completed tasks = 0]
I/Finsky  ( 6374): [83] com.google.android.finsky.bo.an.run(6): Stats for Executor: Db-install_service com.google.android.finsky.bo.ao@e35760b[Running, pool size = 0, active threads = 0, queued tasks = 0, completed tasks = 0]
I/Finsky  ( 6374): [83] com.google.android.finsky.bo.an.run(6): Stats for Executor: InstallBackgroundThread com.google.android.finsky.bo.ao@2e3ccce8[Running, pool size = 0, active threads = 0, queued tasks = 0, completed tasks = 0]
I/Finsky  ( 6374): [83] com.google.android.finsky.bo.an.run(6): Stats for Executor: StorageAwareDownloadServiceManagerSpaceChecker com.google.android.finsky.bo.ao@19c21f01[Running, pool size = 0, active threads = 0, queued tasks = 0, completed tasks = 0]
I/Finsky  ( 6374): [83] com.google.android.finsky.bo.an.run(6): Stats for Executor: Db-scheduler com.google.android.finsky.bo.ao@bc367e7[Running, pool size = 0, active threads = 0, queued tasks = 0, completed tasks = 10]
I/Finsky  ( 6374): [83] com.google.android.finsky.bo.an.run(6): Stats for Executor: InstallBackgroundThread com.google.android.finsky.bo.ao@f85cf94[Running, pool size = 0, active threads = 0, queued tasks = 0, completed tasks = 0]
I/Finsky  ( 6374): [83] com.google.android.finsky.bo.an.run(6): Stats for Executor: InstallBackgroundThread com.google.android.finsky.bo.ao@1b0aa3d[Running, pool size = 0, active threads = 0, queued tasks = 0, completed tasks = 0]
I/wpa_supplicant( 3052): wlan0: HEART-BEAT-ACK: 26
E/WifiMonitor( 2912): WifiMonitor:wlan0 cnt=82 dispatchEvent: HEART-BEAT-ACK: 26
E/WifiStateMachine( 2912):  ConnectedState what:147506 0 0
E/WifiStateMachine( 2912):  L2ConnectedState what:147506 0 0
E/WifiStateMachine( 2912):  ConnectModeState what:147506 0 0
E/WifiStateMachine( 2912):  DriverStartedState what:147506 0 0
E/WifiStateMachine( 2912):  SupplicantStartedState what:147506 0 0
E/Thermal-daemon( 2346): [charger_ic] temp_new :36  temp_old :37
E/Thermal-daemon( 2346): Report temperature: [charger_ic] temp :36  report_threshold:1
E/Thermal-daemon( 2346): [ap] temp_new :35  temp_old :36
E/Thermal-daemon( 2346): Report temperature: [ap] temp :35  report_threshold:1
I/HwSystemManager( 3703): BgPowerManagerService:BgPowerManagerSerivce plugged =2 currentThreshold = 0 mRawLevel = 4mLastRawLevel4
I/HwSystemManager( 3703): BgPowerManagerService: mTimes = 60006 firstTime = 374928 firstmBatteryCapacity =113
I/HwSystemManager( 3703): BgPowerManagerService:BgPowerManagerSerivce plugged =2 currentThreshold = 0 mRawLevel = 4mLastRawLevel4
I/HwSystemManager( 3703): BgPowerManagerService: mTimes = 61098 firstTime = 374928 firstmBatteryCapacity =113
I/Finsky  ( 6374): [1] com.google.android.finsky.scheduler.al.handleMessage(16): DeviceState: DeviceState{currentTime=1548645428789, isCharging=true, isIdle=true, netAny=false, netNotRoaming=false, netUnmetered=false}
I/Finsky  ( 6374): [165] com.google.android.finsky.scheduler.bp.b(89): Jobs in database: 1-1337 24-77777777 26-1414141414 28--559038737 
I/Finsky  ( 6374): [1] com.google.android.finsky.scheduler.ag.a(59): Running job: 24-77777777
I/Finsky  ( 6374): [1] com.google.android.finsky.scheduler.ag.a(139): Job 24-77777777 finished
I/Finsky  ( 6374): [1] com.google.android.finsky.scheduler.ag.a(105): RunningQueue size: 0, PendingQueue size: 0
I/Finsky  ( 6374): [1] com.google.android.finsky.scheduler.al.handleMessage(42): Executor finished
W/GLSUser ( 3952): [AppCertManager] IOException while requesting key: 
I/Finsky  ( 6374): [1] com.google.android.finsky.scheduler.bp.b(89): Jobs in database: 1-1337 26-1414141414 28--559038737 
I/Finsky  ( 6374): [1] com.google.android.finsky.scheduler.k.a(69): ConstraintMapping: 1-1337, 28--559038737,  -> L: 0ms, D: 61504680ms, C: false, I: false, N: 1
I/Finsky  ( 6374): [1] com.google.android.finsky.scheduler.k.a(69): ConstraintMapping: 26-1414141414,  -> L: 10766487ms, D: 11666487ms, C: false, I: false, N: 0
I/ActivityManager( 2912): filter receiver for action = com.google.android.gms.gcm.ACTION_SCHEDULE
I/Finsky  ( 6374): [1] com.google.android.finsky.scheduler.FirebaseJobDispatcherEngine.a(29): Scheduling job with id: Id: job-9000, Constraints: [2], Trigger: Min: 30 (s), Max: 61504 (s)
I/ActivityManager( 2912): filter receiver for action = com.google.android.gms.gcm.ACTION_SCHEDULE
I/ActivityManager( 2912): filter receiver for action = com.google.android.gms.gcm.ACTION_SCHEDULE
I/Finsky  ( 6374): [1] com.google.android.finsky.scheduler.FirebaseJobDispatcherEngine.a(29): Scheduling job with id: Id: job-9001, Constraints: [], Trigger: Min: 10766 (s), Max: 11666 (s)
I/ActivityManager( 2912): filter receiver for action = com.google.android.gms.gcm.ACTION_SCHEDULE
I/ActivityManager( 2912): filter receiver for action = com.google.android.gms.gcm.ACTION_SCHEDULE
I/Finsky  ( 6374): [1] com.google.android.finsky.scheduler.FirebaseJobDispatcherEngine$FirebaseJobDispatcherService.a(9): onFirebaseJobDispatcherWakeup
I/Finsky  ( 6374): [1] com.google.android.finsky.scheduler.ad.a(41): Scheduling fallback in 43199982 (absolute: 43637282)
I/Finsky  ( 6374): [1] com.google.android.finsky.scheduler.ad.a(41): Scheduling fallback in 64799969 (absolute: 65237301)
I/Finsky  ( 6374): [1] com.google.android.finsky.scheduler.ag.a(211): Will halt after 600000
I/Finsky  ( 6374): [1] com.google.android.finsky.scheduler.al.handleMessage(16): DeviceState: DeviceState{currentTime=1548645429075, isCharging=true, isIdle=true, netAny=false, netNotRoaming=false, netUnmetered=false}
I/Finsky  ( 6374): [165] com.google.android.finsky.scheduler.bp.b(89): Jobs in database: 1-1337 26-1414141414 28--559038737 
I/Finsky  ( 6374): [1] com.google.android.finsky.scheduler.ag.a(105): RunningQueue size: 0, PendingQueue size: 0
I/Finsky  ( 6374): [1] com.google.android.finsky.scheduler.al.handleMessage(42): Executor finished
E/NetworkScheduler.ATC( 3952): Received callback from client for task that is already complete. ComponentInfo{com.android.vending/com.firebase.jobdispatcher.GooglePlayReceiver} job-9001
I/Finsky  ( 6374): [1] com.google.android.finsky.scheduler.bp.b(89): Jobs in database: 1-1337 26-1414141414 28--559038737 
W/Finsky  ( 6374): [1] com.google.android.finsky.scheduler.cr.run(7): No real network when expected
I/Finsky  ( 6374): [1] com.google.android.finsky.scheduler.k.a(69): ConstraintMapping: 1-1337, 28--559038737,  -> L: 0ms, D: 61504540ms, C: false, I: false, N: 1
I/Finsky  ( 6374): [1] com.google.android.finsky.scheduler.k.a(69): ConstraintMapping: 26-1414141414,  -> L: 10766343ms, D: 11666343ms, C: false, I: false, N: 0
I/ActivityManager( 2912): filter receiver for action = com.google.android.gms.gcm.ACTION_SCHEDULE
I/Finsky  ( 6374): [1] com.google.android.finsky.scheduler.FirebaseJobDispatcherEngine.a(91): No real network when expected for job 9000. Delaying: 900000
I/Finsky  ( 6374): [1] com.google.android.finsky.scheduler.FirebaseJobDispatcherEngine.a(29): Scheduling job with id: Id: job-9000, Constraints: [2], Trigger: Min: 900 (s), Max: 61504 (s)
I/ActivityManager( 2912): filter receiver for action = com.google.android.gms.gcm.ACTION_SCHEDULE
E/NetworkScheduler.ATC( 3952): Called cancelTask for already completed task com.android.vending/com.firebase.jobdispatcher.GooglePlayReceiver{u=0 tag="job-9001" trigger=window{start=30s,end=61774s,earliest=-240s,latest=61503s} requirements=[NET_CONNECTED] attributes=[] scheduled=-270s last_run=0s jid=N/A status=ACTIVE retries=0 client_lib=FIREBASE_JOB_DISPATCHER-1} :RESCHEDULED
I/ActivityManager( 2912): filter receiver for action = com.google.android.gms.gcm.ACTION_SCHEDULE
I/Finsky  ( 6374): [1] com.google.android.finsky.scheduler.FirebaseJobDispatcherEngine.a(29): Scheduling job with id: Id: job-9001, Constraints: [], Trigger: Min: 10766 (s), Max: 11666 (s)
I/ActivityManager( 2912): filter receiver for action = com.google.android.gms.gcm.ACTION_SCHEDULE
I/ActivityManager( 2912): filter receiver for action = com.google.android.gms.gcm.ACTION_SCHEDULE
E/HWPowerManger_JNI( 2912): strTmp=256,0,0,0,256,0,0,0,256
I/HwLockScreenImpl( 3053): onResume: 1
I/LockScreenCallbackImpl( 3053): refreshLockScreenInfo
I/LockScreenCallbackImpl( 3053): getSimState
I/LockScreenCallbackImpl( 3053): traverseCardStatus : mUpdateMonitor.getSimState(0)=READY
I/LockScreenCallbackImpl( 3053): getCurrentStatus simState=READY
E/WifiStateMachine( 2912):  ConnectedState CMD_SCREEN_STATE_CHANGED 1 0
E/WifiStateMachine( 2912):  L2ConnectedState CMD_SCREEN_STATE_CHANGED 1 0
E/WifiStateMachine( 2912):  ConnectModeState CMD_SCREEN_STATE_CHANGED 1 0
E/WifiStateMachine( 2912):  DriverStartedState CMD_SCREEN_STATE_CHANGED 1 0
E/WifiStateMachine( 2912):  SupplicantStartedState CMD_SCREEN_STATE_CHANGED 1 0
E/WifiStateMachine( 2912):  DefaultState CMD_SCREEN_STATE_CHANGED 1 0
E/WifiStateMachine( 2912):  handleScreenStateChanged Enter: screenOn=true mCurrentScanAlarmMs = 20000 mUserWantsSuspendOpt=true state ConnectedState suppState:CompletedState
E/WifiStateMachine( 2912): setScanAlarm true period 20000 initial delay 200
W/audio_a2dp_hw( 2544): adev_set_parameters: WARNING: set param called even when stream out is null
E/WifiStateMachine( 2912):  ConnectedState !CMD_ENABLE_RSSI_POLL 1 0
E/WifiStateMachine( 2912):  L2ConnectedState !CMD_ENABLE_RSSI_POLL 1 0
I/MQoS    ( 2912): onSignal: mSubId=0,currDataSubID=0
I/MQoS    ( 2912): received cell-signal:5
E/WifiStateMachine( 2912): fetchRssiLinkSpeedAndFrequencyNative rssi=-62 linkspeed=72 SSID="SPARK-47A2ZV"
E/WifiStateMachine( 2912):  ConnectedState !CMD_ENABLE_ALL_NETWORKS 0 0
E/WifiStateMachine( 2912):  L2ConnectedState !CMD_ENABLE_ALL_NETWORKS 0 0
E/WifiStateMachine( 2912):  ConnectModeState !CMD_ENABLE_ALL_NETWORKS 0 0
E/WifiStateMachine( 2912):  ConnectedState !CMD_SET_SUSPEND_OPT_ENABLED 0 0
E/WifiStateMachine( 2912):  L2ConnectedState !CMD_SET_SUSPEND_OPT_ENABLED 0 0
E/WifiStateMachine( 2912):  ConnectModeState !CMD_SET_SUSPEND_OPT_ENABLED 0 0
E/WifiStateMachine( 2912):  DriverStartedState !CMD_SET_SUSPEND_OPT_ENABLED 0 0
E/native  ( 2912): do suspend false
E/WifiStateMachine( 2912):  ConnectedState !CMD_CLEAR_BLACKLIST 0 0
E/WifiStateMachine( 2912):  L2ConnectedState !CMD_CLEAR_BLACKLIST 0 0
E/WifiStateMachine( 2912):  ConnectModeState !CMD_CLEAR_BLACKLIST 0 0
E/TEST-APN( 3515): query for APN: check-permission succ 
E/TEST-APN( 3515): Telephony query SQL: SELECT * FROM siminfo WHERE (sim_id=?)
E/ZipFileCache( 3200): init failed when open zip file.
E/WifiStateMachine( 2912):  ConnectedState !CMD_START_SCAN -2 -2 ic=11 proc(ms):2 dur:280 rssi=-62 f=2412 sc=100 link=72 tx=0.0, 0.0, 0.0  rx=0.0 fiv=20000 [on:0 tx:0 rx:0 period:36692] from screen [on:0 period:-1837763607]
E/WifiStateMachine( 2912):  L2ConnectedState !CMD_START_SCAN -2 -2 ic=11 proc(ms):2 dur:280 rssi=-62 f=2412 sc=100 link=72 tx=0.0, 0.0, 0.0  rx=0.0 fiv=20000 [on:0 tx:0 rx:0 period:1] from screen [on:0 period:-1837763606]
E/WifiStateMachine( 2912): WifiStateMachine CMD_START_SCAN source -2 txSuccessRate=0.00 rxSuccessRate=0.00 targetRoamBSSID=b0:e5:ed:3e:35:d4 RSSI=-62
E/WifiStateMachine( 2912): WifiStateMachine CMD_START_SCAN with age=75627 interval=20000 maxinterval=300000
E/WifiStateMachine( 2912): WifiStateMachine CMD_START_SCAN try full band scan age=75627 interval=20000 maxinterval=300000
E/WifiStateMachine( 2912): WifiStateMachine CMD_START_SCAN full=true
E/WifiStateMachine( 2912): WifiStateMachine CMD_START_SCAN bump interval =30000
I/wpa_supplicant( 3052): set current WIFI status to BT!
I/wpa_supplicant( 3052): wlan0: CTRL-EVENT-SCAN-STARTED 
E/WifiMonitor( 2912): WifiMonitor:wlan0 cnt=83 dispatchEvent: CTRL-EVENT-SCAN-STARTED 
E/WifiMonitor( 2912): handleEvent 14  CTRL-EVENT-SCAN-STARTED 
E/WifiMonitor( 2912): handleEvent unknown: 14  CTRL-EVENT-SCAN-STARTED 
E/WifiStateMachine( 2912): [1,548,645,430,252 ms] noteScanstart no scan source
I/OAM     ( 2713): [check_file_size:402]/data/hwlogdir/wifi_log/wifi_log_1 log file beyond size=10240Byte, creat new file
I/OAM     ( 2713): [rename_old_file:107]rename_old_file
I/OAM     ( 2713): 
I/TimeManager( 3200): receiver action = android.intent.action.SCREEN_ON
I/TimeManager( 3200): hand message 2
I/TimeManager( 3200): notify time change. size = 2
I/TimeLayout( 3200): time = 16:17
I/TimeLayout( 3200): updateDate date = 28/01/2019
I/TimeLayout( 3200): weekDay = Monday
I/TimeManager( 3200): send message delay millis = 50500 ms
E/ZipFileCache( 3575): init failed when open zip file.
I/wpa_supplicant( 3052): set current WIFI status to BT!
E/WifiMonitor( 2912): WifiMonitor:wlan0 cnt=84 dispatchEvent: CTRL-EVENT-SCAN-RESULTS 
E/WifiMonitor( 2912): handleEvent 4  CTRL-EVENT-SCAN-RESULTS 
E/WifiStateMachine( 2912):  ConnectedState !SCAN_RESULTS_EVENT 0 0 found=6 known=2 got=6 bcn=0
E/WifiStateMachine( 2912):  L2ConnectedState !SCAN_RESULTS_EVENT 0 0 found=6 known=2 got=6 bcn=0
E/ZipFileCache( 3575): init failed when open zip file.
E/WifiStateMachine( 2912):  ConnectModeState !SCAN_RESULTS_EVENT 0 0 found=6 known=2 got=6 bcn=0
E/WifiStateMachine( 2912):  DriverStartedState !SCAN_RESULTS_EVENT 0 0 found=6 known=2 got=6 bcn=0
E/WifiStateMachine( 2912):  SupplicantStartedState !SCAN_RESULTS_EVENT 0 0 found=6 known=2 got=6 bcn=0
E/WifiStateMachine( 2912): [1,548,645,430,533 ms] noteScanEnd no scan source
E/ZipFileCache( 3575): init failed when open zip file.
E/WifiStateMachine( 2912): wifi setScanResults statecom.android.server.wifi.WifiStateMachine$ConnectedState@f6fd0d9 sup_state=COMPLETED debouncing=false
E/WifiAutoJoinController ( 2912): SPARK-47A2ZV b0:e5:ed:3e:35:d4 rssi=-62 cap [WPA-PSK-CCMP+TKIP][WPA2-PSK-CCMP+TKIP][WPS][ESS] is not scored
E/WifiAutoJoinController ( 2912): LotsOfHugs2.4G c8:94:bb:63:bd:84 rssi=-66 cap [WPA-PSK-CCMP+TKIP][WPA2-PSK-CCMP+TKIP][WPS][ESS] is not scored
E/WifiAutoJoinController ( 2912): vodafone711BFB a4:91:b1:71:1b:fc rssi=-72 cap [WPA2-PSK-CCMP][WPS][ESS] is not scored
E/WifiAutoJoinController ( 2912): SPARK-47A2ZV_EXT 78:d2:94:a0:8a:94 rssi=-46 cap [WPA-PSK-CCMP+TKIP][WPA2-PSK-CCMP+TKIP][WPS][ESS] is not scored
E/WifiAutoJoinController ( 2912): Kaddy_Shack_2.4GHz f0:43:47:a9:00:38 rssi=-87 cap [WPA-PSK-CCMP+TKIP][WPA2-PSK-CCMP+TKIP][WPS][ESS] is not scored
E/WifiAutoJoinController ( 2912): SPARK-PE9NDW bc:75:74:85:ef:a4 rssi=-87 cap [WPA-PSK-CCMP+TKIP][WPA2-PSK-CCMP+TKIP][WPS][ESS] is not scored
E/WifiAutoJoinController ( 2912): ageScanResultsOut delay 40000 size 8 now 1548645430539
E/WifiAutoJoinController ( 2912): newSupplicantResults size=6 known=2 true
E/WifiAutoJoinController ( 2912): attemptAutoJoin() status=bssid=b0:e5:ed:3e:35:d4
E/WifiAutoJoinController ( 2912): ssid=SPARK-47A2ZV
E/WifiAutoJoinController ( 2912): id=7
E/WifiAutoJoinController ( 2912): mode=station
E/WifiAutoJoinController ( 2912): pairwise_cipher=CCMP
E/WifiAutoJoinController ( 2912): group_cipher=TKIP
E/WifiAutoJoinController ( 2912): key_mgmt=WPA2-PSK
E/WifiAutoJoinController ( 2912): wpa_state=COMPLETED
E/WifiAutoJoinController ( 2912): ip_address=192.168.1.70
E/WifiAutoJoinController ( 2912): p2p_device_address=48:3c:0c:62:aa:c2
E/WifiAutoJoinController ( 2912): address=48:3c:0c:62:aa:c2
E/WifiAutoJoinController ( 2912): uuid=5f16eaa6-edc0-5104-a9d9-ed5af9dc4164 split=12
E/WifiAutoJoinController ( 2912): attemptAutoJoin() num recent config 1 current="SPARK-47A2ZV"WPA_PSK ---> suppNetId=7
E/WifiAutoJoinController ( 2912): attemptAutoJoin good candidate seen, bumped hard -> status=0 "SPARK-47A2ZV"WPA_PSK rssi=(-62,-127) num=(1,0)
E/WifiAutoJoinController ( 2912): attemptAutoJoin skip current candidate  7 key "SPARK-47A2ZV"WPA_PSK
E/WifiAutoJoinController ( 2912): look up all configurations network done, candidate = null
E/WifiAutoJoinController ( 2912): attemptRoam() BSSID is set b0:e5:ed:3e:35:d4 -> bail
E/WifiAutoJoinController ( 2912): Done attemptAutoJoin status=0
I/HwSystemManager( 3703): MemCPUMonitor:MemCPUMonitor : Send START_MONITOR_MESSAGE message.
I/ActivityManager( 2912): filter receiver for action = android.net.wifi.SCAN_RESULTS
I/LockScreenCallbackImpl( 3053): onTimeChanged
E/ZipFileCache( 3575): init failed when open zip file.
I/System.out( 3543): BitString length 17
I/System.out( 3543): MAC Addressb0:e5:ed:3e:35:d4
I/System.out( 3543): BitString length 17
I/System.out( 3543): MAC Addressc8:94:bb:63:bd:84
I/System.out( 3543): BitString length 17
I/System.out( 3543): MAC Addressa4:91:b1:71:1b:fc
I/System.out( 3543): BitString length 17
I/System.out( 3543): MAC Address78:d2:94:a0:8a:94
I/System.out( 3543): BitString length 17
I/System.out( 3543): MAC Addressf0:43:47:a9:00:38
I/System.out( 3543): BitString length 17
I/System.out( 3543): MAC Addressbc:75:74:85:ef:a4
E/ZipFileCache( 3575): init failed when open zip file.
I/HwLauncher( 3575): Model  onReceive intent=Intent { act=android.intent.action.TIME_TICK flg=0x50000014 (has extras) }
I/DiscoveryManager( 4263): Filter criteria(%urn:x-cast:com.google.cast.media) scannerFlags(2)
I/TimeManager( 3200): receiver action = android.intent.action.TIME_TICK
I/TimeManager( 3200): send message delay millis = 50429 ms
I/TimeManager( 3200): hand message 1
I/TimeManager( 3200): notify time change. size = 2
I/TimeLayout( 3200): time = 16:17
I/TimeLayout( 3200): updateDate date = 28/01/2019
I/TimeLayout( 3200): weekDay = Monday
I/SUPL20_LocMan( 3543): Phone type:GSM
E/ZipFileCache( 3575): init failed when open zip file.
I/SUPL20_LocMan( 3543): Network Op Mnc= 24 MCC = 530
I/SUPL20_LocMan( 3543):  cellInfo NetworkType:NOT RETERIVE,21
I/SUPL20_SPIMESLP-SENDING( 3543): m_bPacket.length 489
I/SUPL20_SPIMESLP-SENDING( 3543): bBrokenPipe = false
E/ZipFileCache( 3575): init failed when open zip file.
E/ZipFileCache( 3575): init failed when open zip file.
E/ZipFileCache( 3575): init failed when open zip file.
E/ZipFileCache( 3575): init failed when open zip file.
E/WifiStateMachine( 2912):  ConnectedState !CMD_START_SCAN 10005 3 ic=11 proc(ms):1 dur:281 rssi=-62 f=2412 sc=100 link=72 tx=0.0, 0.0, 0.0  rx=0.0 fiv=30000 [on:0 tx:0 rx:0 period:358] from screen [on:0 period:-1837763245]
E/WifiStateMachine( 2912):  L2ConnectedState !CMD_START_SCAN 10005 3 ic=11 proc(ms):1 dur:281 rssi=-62 f=2412 sc=100 link=72 tx=0.0, 0.0, 0.0  rx=0.0 fiv=30000 [on:0 tx:0 rx:0 period:1] from screen [on:0 period:-1837763244]
E/WifiStateMachine( 2912): WifiStateMachine CMD_START_SCAN source 10005 txSuccessRate=0.00 rxSuccessRate=0.00 targetRoamBSSID=b0:e5:ed:3e:35:d4 RSSI=-62
I/wpa_supplicant( 3052): set current WIFI status to BT!
E/WifiStateMachine( 2912): [1,548,645,430,613 ms] noteScanstart no scan source
I/wpa_supplicant( 3052): wlan0: CTRL-EVENT-SCAN-STARTED 
E/WifiMonitor( 2912): WifiMonitor:wlan0 cnt=85 dispatchEvent: CTRL-EVENT-SCAN-STARTED 
E/WifiMonitor( 2912): handleEvent 14  CTRL-EVENT-SCAN-STARTED 
E/WifiMonitor( 2912): handleEvent unknown: 14  CTRL-EVENT-SCAN-STARTED 
E/WifiStateMachine( 2912):  ConnectedState !CMD_STOP_PACKET_FILTERING 0 0
E/WifiStateMachine( 2912):  L2ConnectedState !CMD_STOP_PACKET_FILTERING 0 0
E/WifiStateMachine( 2912):  ConnectModeState !CMD_STOP_PACKET_FILTERING 0 0
E/WifiStateMachine( 2912):  DriverStartedState !CMD_STOP_PACKET_FILTERING 0 0
I/wpa_supplicant( 3052): set current WIFI status to BT!
E/WifiMonitor( 2912): WifiMonitor:wlan0 cnt=86 dispatchEvent: CTRL-EVENT-BSS-REMOVED 11 f0:43:47:a9:00:38
E/WifiMonitor( 2912): handleEvent 13  CTRL-EVENT-BSS-REMOVED 11 f0:43:47:a9:00:38
E/WifiMonitor( 2912): WifiMonitor:wlan0 cnt=87 dispatchEvent: CTRL-EVENT-SCAN-RESULTS 
E/WifiMonitor( 2912): handleEvent 4  CTRL-EVENT-SCAN-RESULTS 
E/WifiStateMachine( 2912):  ConnectedState !SCAN_RESULTS_EVENT 0 0 found=6 known=2 got=6 bcn=0
E/WifiStateMachine( 2912):  L2ConnectedState !SCAN_RESULTS_EVENT 0 0 found=6 known=2 got=6 bcn=0
E/WifiStateMachine( 2912):  ConnectModeState !SCAN_RESULTS_EVENT 0 0 found=6 known=2 got=6 bcn=0
E/WifiStateMachine( 2912):  DriverStartedState !SCAN_RESULTS_EVENT 0 0 found=6 known=2 got=6 bcn=0
E/WifiStateMachine( 2912):  SupplicantStartedState !SCAN_RESULTS_EVENT 0 0 found=6 known=2 got=6 bcn=0
E/WifiStateMachine( 2912): [1,548,645,430,896 ms] noteScanEnd WorkSource{10005}
E/WifiStateMachine( 2912): wifi setScanResults statecom.android.server.wifi.WifiStateMachine$ConnectedState@f6fd0d9 sup_state=COMPLETED debouncing=false
E/WifiAutoJoinController ( 2912): SPARK-47A2ZV b0:e5:ed:3e:35:d4 rssi=-62 cap [WPA-PSK-CCMP+TKIP][WPA2-PSK-CCMP+TKIP][WPS][ESS] is not scored
E/WifiAutoJoinController ( 2912): LotsOfHugs2.4G c8:94:bb:63:bd:84 rssi=-65 cap [WPA-PSK-CCMP+TKIP][WPA2-PSK-CCMP+TKIP][WPS][ESS] is not scored
E/WifiAutoJoinController ( 2912): vodafone711BFB a4:91:b1:71:1b:fc rssi=-72 cap [WPA2-PSK-CCMP][WPS][ESS] is not scored
E/WifiAutoJoinController ( 2912): SPARK-47A2ZV_EXT 78:d2:94:a0:8a:94 rssi=-46 cap [WPA-PSK-CCMP+TKIP][WPA2-PSK-CCMP+TKIP][WPS][ESS] is not scored
E/WifiAutoJoinController ( 2912): SPARK-PE9NDW bc:75:74:85:ef:a4 rssi=-87 cap [WPA-PSK-CCMP+TKIP][WPA2-PSK-CCMP+TKIP][WPS][ESS] is not scored
E/WifiAutoJoinController ( 2912): ageScanResultsOut delay 40000 size 6 now 1548645430902
E/WifiAutoJoinController ( 2912): newSupplicantResults size=6 known=2 true
E/WifiAutoJoinController ( 2912): attemptAutoJoin() status=bssid=b0:e5:ed:3e:35:d4
E/WifiAutoJoinController ( 2912): ssid=SPARK-47A2ZV
E/WifiAutoJoinController ( 2912): id=7
E/WifiAutoJoinController ( 2912): mode=station
E/WifiAutoJoinController ( 2912): pairwise_cipher=CCMP
E/WifiAutoJoinController ( 2912): group_cipher=TKIP
E/WifiAutoJoinController ( 2912): key_mgmt=WPA2-PSK
E/WifiAutoJoinController ( 2912): wpa_state=COMPLETED
E/WifiAutoJoinController ( 2912): ip_address=192.168.1.70
E/WifiAutoJoinController ( 2912): p2p_device_address=48:3c:0c:62:aa:c2
E/WifiAutoJoinController ( 2912): address=48:3c:0c:62:aa:c2
E/WifiAutoJoinController ( 2912): uuid=5f16eaa6-edc0-5104-a9d9-ed5af9dc4164 split=12
E/WifiAutoJoinController ( 2912): attemptAutoJoin() num recent config 1 current="SPARK-47A2ZV"WPA_PSK ---> suppNetId=7
E/WifiAutoJoinController ( 2912): attemptAutoJoin good candidate seen, bumped hard -> status=0 "SPARK-47A2ZV"WPA_PSK rssi=(-62,-127) num=(1,0)
E/WifiAutoJoinController ( 2912): attemptAutoJoin skip current candidate  7 key "SPARK-47A2ZV"WPA_PSK
E/WifiAutoJoinController ( 2912): look up all configurations network done, candidate = null
E/WifiAutoJoinController ( 2912): attemptRoam() BSSID is set b0:e5:ed:3e:35:d4 -> bail
E/WifiAutoJoinController ( 2912): Done attemptAutoJoin status=0
I/ActivityManager( 2912): filter receiver for action = android.net.wifi.SCAN_RESULTS
I/System.out( 3543): BitString length 17
I/System.out( 3543): MAC Addressb0:e5:ed:3e:35:d4
I/System.out( 3543): BitString length 17
I/System.out( 3543): MAC Addressc8:94:bb:63:bd:84
I/System.out( 3543): BitString length 17
I/System.out( 3543): MAC Addressa4:91:b1:71:1b:fc
I/System.out( 3543): BitString length 17
I/System.out( 3543): MAC Address78:d2:94:a0:8a:94
I/System.out( 3543): BitString length 17
I/System.out( 3543): MAC Addressbc:75:74:85:ef:a4
I/SUPL20_LocMan( 3543): Phone type:GSM
I/SUPL20_LocMan( 3543): Network Op Mnc= 24 MCC = 530
I/SUPL20_LocMan( 3543):  cellInfo NetworkType:NOT RETERIVE,21
I/SUPL20_SPIMESLP-SENDING( 3543): m_bPacket.length 415
I/SUPL20_SPIMESLP-SENDING( 3543): bBrokenPipe = false
I/MQoS    ( 2912): onSignal: mSubId=0,currDataSubID=0
I/MQoS    ( 2912): received cell-signal:5
I/HwLockScreenImpl( 3053): onTrigger startActivity intent=null
I/KeyguardHostView( 3053): showNextSecurityScreenOrFinish mSecondSecurityViewHasShow =false,securityMode=None
I/KeyguardFingerprint.Validation( 3053): onDismissKeyguard, authenticated=true
I/KeyguardFingerprint.Validation( 3053): checkAndQuit
I/KeyguardFingerprint.Validation( 3053): finishAuthenticationManager
I/KeyguardFingerprint.Validation( 3053): AuthenticationManager already finished
E/BD.Reporter( 3053): Can't getService HwBDService
I/HwLauncher( 3575): Launcher onStart()
I/HwLauncher( 3575): Launcher dynamicIconsRegister
I/HwLauncher( 3575): DynamicUpdater registerReceiver
I/HwLauncher( 3575): DynamicUpdater call updateFolder
I/HwLauncher( 3575): DynamicIcon onResume  isvisible = true   mAttachedToWindow:true    mWindowVisible:truecom.android.calendar
I/HwLauncher( 3575): DynamicUpdater registerReceiver
I/HwLauncher( 3575): DynamicUpdater call updateFolder
I/HwLauncher( 3575): DynamicIcon onResume  isvisible = true   mAttachedToWindow:true    mWindowVisible:truecom.android.deskclock
I/HwLauncher( 3575): DynamicUpdater registerReceiver
I/ActivityManager( 2912): filter receiver for action = android.intent.action.USER_PRESENT
I/HwLauncher( 3575): DynamicIconData , getDrawableForDynamic begin, pkg = com.android.deskclock, picName = deskclock_bg
I/HwLauncher( 3575): DynamicIconData , getDrawableForDynamic end, pkg = com.android.deskclock, picName = deskclock_bg
I/HwLauncher( 3575): DynamicIconData , getDrawableForDynamic begin, pkg = com.android.deskclock, picName = deskclock_bg
I/HwLauncher( 3575): DynamicIconData , getDrawableForDynamic end, pkg = com.android.deskclock, picName = deskclock_bg
I/HwSystemManager( 3703): AppLockService:BroadcastReceiver, intent is null or applock function is closed!
I/HwLauncher( 3575): DynamicUpdater call updateFolder
I/HwLauncher( 3575): DynamicIcon onResume  isvisible = true   mAttachedToWindow:false    mWindowVisible:falsecom.huawei.android.totemweather
I/HwLauncher( 3575): Launcher.Utilities createIconBitmap classname = null, sourceWidth = 114, sourceHeight = 114
I/HwLauncher( 3575): ClockDynamicUpdater clock update folder at ClockDynamicUpdater
I/HwLauncher( 3575): DynamicUpdater updateBitmap end and send update message
I/HwLauncher( 3575): WeatherDynamicUpdaterpositiveUpdate at WeatherDynamicUpdater
I/HwLauncher( 3575): Launcher onResume()
I/HwLauncher( 3575): Launcher doResumeWork()
I/HwLauncher( 3575): Launcher.MotionManager startMotionAppsReco 402
I/HwLauncher( 3575): Launcher  onResume mIsToUninstallApp = false
I/PG Utils( 3575): acquire_providerpkg:[com.huawei.motionservice] pid:[]  maybe timeout , send to PG
I/HwLauncher( 3575): DynamicUpdater call updateFolder
I/PhoneStatusBar( 3200): shouldTranslucent:true
I/PhoneStatusBar( 3200): hw_status_bar_operators = false, setSystemUIVisibily(SHOW_OPERATOR = false)
I/KeyguardFingerprint.Validation( 3053): intent received:android.intent.action.KEYGUARD_UNLOCK
I/KeyguardFingerprint.Validation( 3053): turn on screen:false
I/Authzen ( 4263): [DeviceStateSyncManager] Device state fast sync is disabled
I/HwLauncher( 3575): WeatherDynamicUpdaterreceive action = com.huawei.android.action.launcher_weather_icon_change
I/HwLauncher( 3575): WeatherDynamicUpdaterreceiver data is int[] = [0, 0, 33, 8, 68, 8, 103, 8]
I/HwLauncher( 3575):  stringArray[] [cloudy, num2, num4, tempc]
I/KeyguardFingerprint.Validation( 3053): hasWindowFocus:false
I/ActivityManager( 2912): filter receiver for action = com.huawei.android.action.AUTO_UPDATE_MYLOCATION
W/View    ( 3200): requestLayout() improperly called by com.android.systemui.statusbar.phone.IconMerger{10ddce25 V.E..... ......I. 0,0-108,50 #7f0d0086 app:id/notificationIcons} during layout: running second layout pass
W/View    ( 3200): requestLayout() improperly called by com.android.systemui.statusbar.phone.IconMerger{10ddce25 V.E..... ........ 0,0-108,50 #7f0d0086 app:id/notificationIcons} during second layout pass: posting in next frame
W/MagazineLockScreen( 3053): drawColor mRect = Rect(28, 1002 - 292, 1280), mWallpaperDrawable = null
I/HwUpdateMonitor( 3053): unRegisterCallback com.android.huawei.hwlockscreen.HwLockScreenWeatherView$2@3834597f, callback size = 1
I/HwUpdateMonitor( 3053): unRegisterMonitor
W/MotionDetectionManager( 3575): startMotionAppsReco motionApps: 402 disabled
W/HwLauncher( 3575): Launcher.MotionManager startMotionAppsReco service flg 402 is unavailable
E/ZipFileCache( 3575): init failed when open zip file.
W/PGApi_client( 3463): recv actoionId = 10010, action = com.huawei.pgmng.PGAction@5c3dc05 actionId =10010 pkg =com.huawei.android.launcher extend1 =36 extend2 = flag =3 type =1
W/PGMiddleWare jhh( 3463): in handleAction method, action = 10010
W/PGMiddleWare jhh( 3463): in handleAction, invoke client = com.huawei.pgmng.middleware.AudioEffectLowPowerImpl@2377816, action = com.huawei.pgmng.PGAction@5c3dc05 actionId =10010 pkg =com.huawei.android.launcher extend1 =36 extend2 = flag =3 type =1
I/AudioEffectLowPowerImpl jhh( 3463): jhh handle default mActionId = 10010, action = com.huawei.pgmng.PGAction@5c3dc05 actionId =10010 pkg =com.huawei.android.launcher extend1 =36 extend2 = flag =3 type =1
W/AudioEffectLowPowerImpl jhh( 3463): enter into the safetyguard Scene.
W/AudioEffectLowPowerImpl jhh( 3463): m2DGameFront = false, m3DGameFront = false, mMediaPerceptible = false, mMusicPerceptible = false
I/InfoCenterView( 3053): unRegisterCallback com.android.huawei.music.HwMusicView$2@d985211, callback size = 2
W/AudioEffectLowPowerImpl jhh( 3463): mAudioActive = false, mMusicPerceptible = false
W/AudioEffectLowPowerImpl jhh( 3463): return for smartPAOn and mLowAudioEffectEnable both = false
I/HwMusicManager( 3053): unRegisterMusicObserver 
I/HwMusic ( 3053): endObserver mContext=android.app.Application@212be443
I/InfoCenterView( 3053): unRegisterCallback com.android.huawei.music.HwMusicView$2@89efe4d, callback size = 1
I/CameraLayout( 3053): onDetachedFromWindow
I/HwNotification( 3053): mNotificationListener unregisterAsSystemService
W/HwNotification( 3053): setDisplayView linearlayout is nulll
W/AlarmAdapter( 3463): NoSuchMethod: setAlarmsPending 
I/AlarmRestrict( 3463): [resume] net alarms
E/WindowManager( 2912): do not set userActivityTimeout this time
I/DeviceScanner( 4263): [MDNS] Received response from "Jasons Chrome" (a376651ebfd9e294788b2431e6305fae) with result "1 New device"
I/HwLauncher( 3575):  FPSMonitor [Launcher , dispatchTouchEvent begin, false, true] down event  x = 283 y = 283
I/HwLauncher( 3575):  FPSMonitor [PagedView , onIntercept] down event  x = 283 y = 283
I/HwLauncher( 3575):  FPSMonitor [Launcher , dispatchTouchEvent end, false, true] down event  x = 283 y = 283
I/HwLauncher( 3575):  FPSMonitor [Launcher , dispatchTouchEvent begin, false, true] up event  x = 283 y = 283
I/HwLauncher( 3575):  FPSMonitor [PagedView , onIntercept] up event  x = 283 y = 283
I/HwLauncher( 3575):  FPSMonitor [Launcher , dispatchTouchEvent end, false, true] up event  x = 283 y = 283
W/ResourceType( 3575): No known package when getting name for resource number 0x9c030100
I/HwLauncher( 3575): Launcher onclick begin com.huawei.android.launcher.BubbleTextView{276a203a VFED..CL ...P.... 176,80-352,264 #9c030100}
I/HwLauncher( 3575): Launcher.Utilities  startActivitySafely useLaunchAnimation begin startActivity() 
I/HwLauncher( 3575): Launcher.Utilities  startActivitySafely useLaunchAnimation end startActivity() 
I/HwLauncher( 3575): Launcher onclick end
I/HwLauncher( 3575): Launcher onPause()
I/HwLauncher( 3575): Launcher.MotionManager stopMotionAppsReco 402
I/HwLauncher( 3575): Launcher.MotionManager stopMotionAppsReco 403
W/HwLauncher( 3575): Launcher.MotionManager stopMotionAppsReco service flg 402 is unavailable
W/HwLauncher( 3575): Launcher.MotionManager stopMotionAppsReco service flg 403 is unavailable
E/ZipFileCache( 2912): init failed when open zip file.
E/ZipFileCache( 2912): init failed when open zip file.
E/ZipFileCache( 2912): init failed when open zip file.
E/ZipFileCache( 2912): init failed when open zip file.
E/ZipFileCache( 2912): init failed when open zip file.
E/ZipFileCache( 2912): init failed when open zip file.
E/ZipFileCache( 2912): init failed when open zip file.
E/ZipFileCache( 2912): init failed when open zip file.
E/ZipFileCache( 2912): init failed when open zip file.
E/ZipFileCache( 2912): init failed when open zip file.
E/ZipFileCache( 2912): init failed when open zip file.
E/ZipFileCache( 2912): init failed when open zip file.
E/ZipFileCache( 2912): init failed when open zip file.
E/ZipFileCache( 2912): init failed when open zip file.
E/ZipFileCache( 2912): init failed when open zip file.
E/ZipFileCache( 2912): init failed when open zip file.
I/HwLauncher( 3575): Launcher onStop()
I/HwLauncher( 3575): Launcher dismissDialog
I/HwLauncher( 3575): Launcher dynamicIconsUnregister
I/HwLauncher( 3575): DynamicUpdater unregisterReceiver
I/HwLauncher( 3575): DynamicIcon onPause  isvisible = true   mAttachedToWindow:true    mWindowVisible:truecom.android.calendar
I/HwLauncher( 3575): DynamicUpdater unregisterReceiver
I/HwLauncher( 3575): DynamicIcon onPause  isvisible = true   mAttachedToWindow:true    mWindowVisible:truecom.android.deskclock
I/HwLauncher( 3575): DynamicUpdater unregisterReceiver
I/HwSystemManager( 3703): AppLockService:applock password not initial or function is closed
I/HwSystemManager( 3703): AppLockService:applock password not initial or function is closed
I/HwLauncher( 3575): DynamicIcon onPause  isvisible = true   mAttachedToWindow:false    mWindowVisible:falsecom.huawei.android.totemweather
I/HwLauncher( 3575): DynamicIcon onVisibilityChanged 4 - com.android.calendar
I/HwLauncher( 3575): DynamicIcon onVisibilityChanged 4 - com.android.deskclock
I/HwSystemManager( 3703): AppManager:getNetAppInfoFromDB cursor lenth = 1
I/HwLauncher( 3575): Launcher  onWindowVisibilityChanged visibility = 4
I/HwLauncher( 3575): DynamicIcon onWindowVisibilityChanged 4 - com.android.calendar
I/HwLauncher( 3575): DynamicIcon onWindowVisibilityChanged 4 - com.android.deskclock
E/BitmapFactory( 8979): Unable to decode stream: java.io.FileNotFoundException: /storage/emulated/0/kivy/Paint/icon.png: open failed: ENOENT (No such file or directory)
E/BitmapFactory( 8979): Unable to decode stream: java.io.FileNotFoundException: /storage/emulated/0/kivy/canvaswidget/icon.png: open failed: ENOENT (No such file or directory)
E/BitmapFactory( 8979): Unable to decode stream: java.io.FileNotFoundException: /storage/emulated/0/kivy/nav/icon.png: open failed: ENOENT (No such file or directory)
E/BitmapFactory( 8979): Unable to decode stream: java.io.FileNotFoundException: /storage/emulated/0/kivy/pub/icon.png: open failed: ENOENT (No such file or directory)
E/BitmapFactory( 8979): Unable to decode stream: java.io.FileNotFoundException: /storage/emulated/0/kivy/take note/icon.png: open failed: ENOENT (No such file or directory)
E/BitmapFactory( 8979): Unable to decode stream: java.io.FileNotFoundException: /storage/emulated/0/kivy/tester/icon.png: open failed: ENOENT (No such file or directory)
E/BitmapFactory( 8979): Unable to decode stream: java.io.FileNotFoundException: /storage/emulated/0/kivy/tezter/icon.png: open failed: ENOENT (No such file or directory)
E/BitmapFactory( 8979): Unable to decode stream: java.io.FileNotFoundException: /storage/emulated/0/kivy/touch/icon.png: open failed: ENOENT (No such file or directory)
E/ZipFileCache( 8979): init failed when open zip file.
E/ZipFileCache( 8979): init failed when open zip file.
E/ZipFileCache( 8979): init failed when open zip file.
E/ZipFileCache( 8979): init failed when open zip file.
E/ZipFileCache( 8979): init failed when open zip file.
E/ZipFileCache( 8979): init failed when open zip file.
E/ZipFileCache( 8979): init failed when open zip file.
E/ZipFileCache( 8979): init failed when open zip file.
E/ZipFileCache( 8979): init failed when open zip file.
E/ZipFileCache( 8979): init failed when open zip file.
E/ZipFileCache( 8979): init failed when open zip file.
E/ZipFileCache( 8979): init failed when open zip file.
